cytoband	7p11.2	4q12	1q32.1	12q15	7q31.2	12q14.1	12q14.3	12q14.3	6p21.1	12p13.32	2p24.3	4q11	3q26.33	
q value	1.6779e-52	4.4254e-19	3.1071e-08	7.7342e-07	0.0013877	0.003773	0.0067886	0.0067886	0.062476	0.070696	0.093968	2.0295e-07	0.11932	
residual q value	1.6779e-52	1.8272e-17	3.1071e-08	2.2034e-06	0.0013877	0.0064115	0.036378	0.036566	0.062476	0.070696	0.093968	0.096625	0.11932	
wide peak boundaries	chr7:54701111-54836945	chr4:54591095-55217249	chr1:201511510-201914639	chr12:67295984-67693597	chr7:115813600-116971978	chr12:57214649-57283458	chr12:65959920-66081139	chr12:65150559-65279471	chr6:42618663-43350861	chr12:1-5549725	chr2:15829031-16797540	chr4:48833544-53319627	chr3:167678480-191985883	
genes in wide peak	EGFR	PDGFRA	MDM4	CPM	CAPZA2	[LRIG3]	CAND1	GRIP1	MEA1	CACNA1C	MYCN	SGCB	ACTL6A	
		CHIC2	PIK3C2B	MDM2	CFTR				PEX6	CCND2	FAM49A	DCUN1D4	AHSG	
		GSH2	LRRN5	RAP1B	MET				PPP2R5D	FGF6		FLJ21511	BCL6	
		LOC402176	PPP1R15B	SLC35E3	WNT2				PTK7	FKBP4		SPATA18	AP2M1	
				NUP107	ST7				PRPH2	FOXM1		LOC339977	CLCN2	
					CTTNBP2				SRF	KCNA1			CRYGS	
					ASZ1				TBCC	KCNA5			DGKG	
									CUL7	KCNA6			DVL3	
									C6orf108	NDUFA9			ECT2	
									TNRC5	NINJ2			EHHADH	
									SLC22A7	NTF3			EIF4A2	
									PARC	RAD52			EIF4G1	
									UBR2	JARID1A			EPHB3	
									KIAA0240	SLC6A12			ETV5	
									ZNF318	SLC6A13			EVI1	
									GNMT	TEAD4			GHSR	
									MRPL2	TULP3			HRG	
									TTBK1	FGF23			IL1RAP	
									C6orf153	DYRK4			KNG1	
									KLC4	AKAP3			LPP	
									KLHDC3	RAD51AP1			MDS1	
									PTCRA	TSPAN9			NDUFB5	
									RPL7L1	ERC1			CLDN11	
									CRIP3	GALNT8			SERPINI1	
									LOC441150	ITFG2			SERPINI2	
										PRMT8			PIK3CA	
										PARP11			PLD1	
										TMEM16B			POLR2H	
										C12orf4			PRKCI	
										C12orf5			MASP1	
										WNK1			PSMD2	
										ADIPOR2			RFC4	
										WNT5B			SFRS10	
										C12orf32			ST6GAL1	
										NRIP2			SKIL	
										CCDC77			SLC2A2	
										EFCAB4B			SOX2	
										CACNA2D4			SST	
										FBXL14			THPO	
										DCP1B			TLOC1	
										B4GALNT3			FXR1	
										HSN2			TP73L	
										IQSEC3			CHRD	
										LRTM2			TNFSF10	
													EIF2B5	
													USP13	
													CLDN1	
													MAP3K13	
													ADIPOQ	
													ECE2	
													ABCC5	
													ALG3	
													KCNMB2	
													IGF2BP2	
													CLDN16	
													PDCD10	
													NLGN1	
													TNIK	
													MCF2L2	
													ATP11B	
													VPS8	
													GPR160	
													FETUB	
													LAMP3	
													KCNMB3	
													GOLPH4	
													ZNF639	
													PEX5L	
													DNAJB11	
													DCUN1D1	
													KLHL24	
													TBCCD1	
													LEPREL1	
													ABCF3	
													PARL	
													MFN1	
													YEATS2	
													MYNN	
													EIF5A2	
													MCCC1	
													MRPL47	
													AADACL1	
													SLC7A14	
													SENP2	
													GNB4	
													RTP4	
													MAGEF1	
													ZMAT3	
													FNDC3B	
													TBL1XR1	
													FLJ23049	
													LRRC31	
													MAP6D1	
													PHC3	
													SPATA16	
													B3GNT5	
													MGC2408	
													ARPM1	
													KLHL6	
													TMEM41A	
													CAMK2N2	
													RPL39L	
													DNAJC19	
													C3orf40	
													UNQ846	
													RTP1	
													TTC14	
													WDR49	
													LRRC34	
													HTR3C	
													LIPH	
													HTR3D	
													NAALADL2	
													HTR3E	
													LOC285382	
													FAM79B	
													SAMD7	
													RTP2	
													C3orf65	
