cytoband	9p21.3	13q14.2	1p36.31	14q24.3	10q23.31	6q24.3	9p24.3	22q13.31	10q26.13	19q13.41	10q23.31	4q35.2	11p15.4	15q21.3	2q37.1	12p13.2	3q28	8p23.1	17q11.2	
q value	6.2766e-97	2.9202e-10	2.3447e-07	0.00048521	2.3749e-09	0.00076422	4.804e-11	0.0054521	0.00028108	0.014113	3.1743e-08	0.058999	0.074758	0.07963	0.15011	0.15184	0.17534	0.17534	0.20703	
residual q value	1.4836e-94	2.9202e-10	2.3447e-07	0.00045859	0.00067213	0.00076422	0.00076422	0.0054521	0.013673	0.014113	0.036647	0.058999	0.072992	0.077393	0.14941	0.14941	0.1809	0.1809	0.20482	
wide peak boundaries	chr9:21456646-21971582	chr13:46717642-46868174	chr1:3596480-6442113	chr14:55083539-86424597	chr10:89104579-89705918	chr6:110808397-170914576	chr9:1-2752720	chr22:39207428-49396972	chr10:112438743-135037215	chr19:47046785-63811651	chr10:90098989-90416488	chr4:114003986-191731959	chr11:1-12290873	chr15:25370493-57116954	chr2:232571445-243615958	chr12:10053264-14989798	chr3:191668437-194295640	chr8:1-35461636	chr17:31385196-34290009	
genes in wide peak	CDKN2A	P2RY5	ZBTB48	ACTN1	PTEN	ACAT2	DMRT1	ACR	ACADSB	A1BG	ACTA2	AGA	ADM	ACTC1	AGXT	ART4	FGF12	NAT1	ACCN1	
	MTAP		RPL22	ACYP1	ATAD1	AMD1	FOXD4	ACO2	ADAM8	AP2A1	STAMBPL1	ANK2	AP2A2	ADAM10	ALPI	CDKN1B	C3orf59	NAT2	AP2B1	
	IFNE1		KCNAB2	ARG2		ARG1	SMARCA2	ARSA	ADRA2A	APOC1	ANKRD22	SLC25A4	AMPD3	APBA2	ALPP	CREBL2	CCDC50	ADRA1A	LIG3	
			TNFRSF25	ZFP36L1		CCR6	VLDLR	BIK	ADRB1	APOC2		ANXA5	APBB1	AQP9	ALPPL2	EMP1	UTS2D	ANGPT2	PEX12	
			KLHL21	ENTPD5		COL10A1	DMRT2	TSPO	BNIP3	APOC4		CAMK2D	RHOG	B2M	KIF1A	ETV6	OSTN	ASAH1	RAD51L3	
			ACOT7	DIO2		CTGF	ANKRD15	MPPED1	CASP7	APOE		CASP3	ART1	BUB1B	BOK	GPR19		ATP6V1B2	CCL1	
			ICMT	DLST		EPB41L2	CBWD1	CHKB	CTBP2	KLK3		CCNA2	ASCL2	CAPN3	CHRND	GRIN2B		BLK	CCL2	
			CHD5	EIF2S1		EYA4	DMRT3	CPT1B	CYP2E1	ATP1A3		LRBA	CARS	CHRM5	CHRNG	GUCY2C		BMP1	CCL7	
			HES2	ERH		ESR1	DOCK8	CYP2D6	DOCK1	BAX		CLGN	CCKBR	CHRNA7	COL6A3	KLRC1		POLR3D	CCL8	
			AJAP1	ESR2		FABP7	C9orf66	CYB5R3	ECHS1	BCAT2		CLCN3	CD81	CKMT1B	DTYMK	KLRC2		BNIP3L	CCL11	
			PLEKHG5	ESRRB		FRK	KCNV2	ECGF1	EMX2	BCL3		CPE	CD151	CYP19A1	GBX2	KLRC3		CHRNA2	CCL13	
			NOL9	FNTB		FUCA2		EP300	FGFR2	CEACAM1		CTSO	CDKN1C	DUT	GPC1	KLRD1		CLU	CCT6B	
			TAS1R1	FOS		FYN		FBLN1	GFRA1	C5AR1		DCTD	TPP1	EPB42	GPR35	LRP6		CTSB	TMEM98	
			ESPN	FUT8		GJA1		XRCC6	PRLHR	CA11		EDNRA	CNGA4	FBN1	HDLBP	MGP		DEFA1	NLE1	
			THAP3	GPX2		GPR31		MCHR1	GPR26	CALM3		ELF2	CTSD	FGF7	INPP5D	OLR1		DEFA3	FNDC8	
			PHF13	GSTZ1		GRM1		NAGA	GRK5	CD33		ETFDH	DRD4	GABPB2	KCNJ13	PRB1		DEFA4	SLFN12	
			C1orf188	GTF2A1		HDAC2		NDUFA6	HABP2	SIGLEC6		F11	DUSP8	GALK2	NDUFA10	PRB3		DEFA5	MMP28	
			NPHP4	HIF1A		HIVEP2		NHP2L1	HMX2	CD37		FABP2	EIF4G2	GANC	SEPT2	PRB4		DEFA6	CCDC16	
			GPR153	HSPA2		HSF2		PMM1	INPP5A	CD79A		ACSL1	HBB	GATM	NEU2	PRH1		DEFB1	SLFN11	
			RNF207	LTBP2		IFNGR1		PPARA	ABLIM1	CGB		FAT	HBD	GCHFR	NPPC	PRH2		DEFB4	RASL10B	
			HES3	MAX		IGF2R		MAPK11	MGMT	CEACAM8		FGA	HBE1	PDIA3	PDE6D	KLRC4		DPYSL2	RFFL	
				MAP3K9		KIF25		RANGAP1	MKI67	CKM		FGB	HBG1	HDC	PPP1R7	CSDA		DUSP4	TMEM132E	
				ALDH6A1		KPNA5		MAPK12	NRAP	AP2S1		FGF2	HBG2	ONECUT1	PTMA	GPRC5A		EGR3	SPACA3	
				MNAT1		LAMA2		SBF1	OAT	CLPTM1		FGG	HPX	ITPKA	SAG	KLRA1		EPB49	C17orf50	
				MTHFD1		LAMA4		SREBF2	PNLIP	CRX		FRG1	HRAS	IVD	SPP2	PRR4		EPHX2	SLFN13	
				SIX6		LPA		ST13	PNLIPRP1	DBP		GAB1	IGF2	LIPC	DGKD	KLRK1		CLN8	AMAC1	
				OTX2		MARCKS		TCF20	PNLIPRP2	DMPK		GLRB	ILK	LTK	PER2	GABARAPL1		EXTL3	UNC45B	
				PGF		MAN1A1		TEF	HTRA1	DMWD		GPM6A	INS	MAP1A	LRRFIP1	TAS2R9		PTK2B	SLFN5	
				PIGH		MAS1		UPK3A	PTPRE	MEGF8		GRIA2	IRF7	MEIS2	ECEL1	TAS2R8		FDFT1	GAS2L2	
				PPM1A		MAP3K4		CELSR1	RGS10	EMP3		GUCY1A3	KCNQ1	MFAP1	EIF4E2	TAS2R7		FGL1	FLJ44815	
				PPP2R5E		MAP3K5		SAPS2	SLC18A2	ERCC1		GUCY1B3	LMO1	TRPM1	HDAC4	TAS2R13		GATA4		
				PRKCH		MLLT4		ZBED4	TCF7L2	ERCC2		GYPA	LSP1	MYO5A	FARP2	TAS2R10		GFRA2		
				PSEN1		MYB		RBX1	TECTB	ERF		GYPB	MUC2	NEDD4	ARL4C	TAS2R14		GNRH1		
				PSMA3		NMBR		SCO2	TIAL1	ETFB		GYPE	NAP1L4	OCA2	RAMP1	HEBP1		GSR		
				ABCD4		OPRM1		PKDREJ	UROS	FCAR		HMGB2	NUP98	PLCB2	NMUR1	DDX47		GTF2E2		
				RAD51L1		PARK2		SLC25A17	ADAM12	FCGRT		HPGD	SLC22A18	MAPK6	STK25	CLEC1A		NRG1		
				ARID4A		PCMT1		NUP50	UTF1	FLT3LG		IL2	SLC22A18AS	RAB27A	COPS8	WBP11		LOXL2		
				RTN1		PDCD2		TOB2	EIF3S10	FOSB		IL15	POLR2L	RAD51	CAPN10	MANSC1		LPL		
				SEL1L		ENPP1		RABL2B	BUB3	FPR1		ING2	PSMD13	RYR3	PASK	FLJ10292		MSR1		
				SFRS5		ENPP3		PACSIN2	BAG3	FPRL1		IRF2	RNH1	SCG5	ATG4B	STYK1		MSRA		
				SIX1		PEX7		DIP	FAM53B	FPRL2		KLKB1	MRPL23	SLC12A1	SH3BP4	GPRC5D		NEFM		
				SLC8A3		PLAGL1		TTLL12	DCLRE1A	FTL		MAD2L1	RPL27A	SORD	NGEF	ATF7IP		NEFL		
				SLC10A1		PLG		MLC1	TXNL2	FUT1		SMAD1	RPLP2	SPINT1	TNRC15	H2AFJ		NKX3-1		
				SNAPC1		PLN		ZC3H7B	DPYSL4	FUT2		MGST2	RRM1	SRP14	TRAF3IP1	KIAA1467		PCM1		
				SPTB		PKIB		C22orf9	TACC2	GIPR		NR3C2	SCT	TCF12	TMEM16G	CLEC7A		PDGFRL		
				TGFB3		PSMB1		MAPK8IP2	TUBGCP2	GPR4		MTNR1A	SMPD1	THBS1	PRLH	BCL2L14		PNOC		
				TSHR		PTPRK		BRD1	PRDX3	GPR32		NDUFC1	TRIM21	TJP1	THAP4	FLJ22662		PPP2CB		
				ZBTB25		REV3L		ARHGAP8	VAX1	GRIK5		NEK1	ST5	TP53BP1	ANKMY1	DUSP16		PPP2R2A		
				DPF3		ROS1		TBC1D22A	ATE1	GRIN2D		NPY1R	STIM1	TYRO3	SCLY	APOLD1		PPP3CC		
				NUMB		RPS6KA2		TTLL1	SEC23IP	GRLF1		NPY2R	TAF10	SLC30A4	ASB1	GSG1		SFTPC		
				ADAM21		RPS12		SAMM50	RAB11FIP2	GSK3A		NPY5R	TALDO1	EIF3S1	UGT1A10	LOH12CR1		SLC7A2		
				ADAM20		SGK		ATXN10	INPP5F	GYS1		PET112L	TH	PLA2G4B	UGT1A8	C12orf59		SLC18A1		
				WDR22		SLC22A1		FAM19A5	DUX4	HAS1		PLRG1	TSPAN4	SNAP23	UGT1A7	HIST4H4		STC1		
				ALKBH1		SLC22A3		SULT4A1	KIAA0157	FOXA3		EXOSC9	TNNI2	ALDH1A2	UGT1A6	C12orf46		WRN		
				EIF2B2		SLC22A2		RIBC2	ATRNL1	HRC		POU4F2	TNNT3	HERC2	UGT1A5	C12orf60		FZD3		
				PNMA1		SOD2		ARFGAP3	C10orf137	PRMT1		PPID	PHLDA2	USP8	UGT1A9	TAS2R43		TUSC3		
				NRXN3		T		SMC1B	VENTX	IL11		ABCE1	TUB	SLC28A2	UGT1A4	TAS2R44		UBXD6		
				AKAP5		TBP		CSDC2	CUZD1	IRF3		RPS3A	WEE1	CCPG1	UGT1A1	TAS2R46		TNKS		
				SPTLC2		TCF21		CGI-96	DRD1IP	KCNA7		SC4MOL	ZNF143	COPS2	UGT1A3	TAS2R48		ADAM7		
				RGS6		TCP1		MCAT	GALNAC4S-6ST	KCNC3		SFRP2	ZNF195	TGM5	ATG16L1	TAS2R49		TNFRSF10D		
				KIAA0247		TCP10		D15Wsu75e	ACSL5	KCNJ14		TDO2	ZNF214	PIGB	USP40	TAS2R50		TNFRSF10C		
				KIAA0586		TCTE3		PARVB	ZRANB1	KCNN4		TLL1	ZNF215	HISPPD2A	DKFZp762E1312	CLEC9A		TNFRSF10B		
				KIAA0317		DYNLT1		NCAPH2	C10orf92	KIR2DL1		TLR2	RASSF7	AQR	HES6	C12orf36		TNFRSF10A		
				MED6		THBS2		GTSE1	NSMCE4A	KIR2DL3		TLR3	PPFIBP2	KIAA0256	CXCR7	TAS2R42		FGF17		
				GPHN		TNFAIP3		A4GALT	C10orf118	KIR2DL4		TRPC3	IFITM1	ARHGAP11A	RNPEPL1	CLEC12B		DOK2		
				VTI1B		TPD52L1		MOV10L1	BRWD2	KIR2DS4		UCP1	OR6A2	LCMT2	GAL3ST2	LOC440087		MTMR7		
				BATF		TSPYL1		FAM118A	DHX32	KIR3DL1		UGT8	DCHS1	SLC12A6	RAB17	PRB2		MYOM2		
				NPC2		UTRN		FLJ20699	PPP2R2D	KIR3DL2		VEGFC	EIF3S5	BCL2L10	COPS7B			DLGAP2		
				AHSA1		VIL2		C22orf26	FAM45B	KLK1		GLRA3	BRSK2	RASGRP1	TRPM8			MFHAS1		
				EXOC5		VIP		MIOX	TDRD1	KLK2		SMARCA5	MICAL2	SERF2	MLPH			ENTPD4		
				ACOT2		EPM2A		PRR5	BCCIP	LAIR1		SORBS2	CTR9	GNB5	IQCA			ARHGEF10		
				TMED10		STX7		TRMU	GPAM	LAIR2		PRSS12	TSPAN32	ARPP-19	FLJ22671			PHYHIP		
				C14orf1		PEX3		SEPT3	KIAA1598	LHB		PDE5A	TSSC4	SLC27A2	EFHD1			KBTBD11		
				VASH1		RNASET2		PANX2	KIAA1600	LIG1		SAP30	MRVI1	GPR176	ILKAP			SORBS3		
				ZBTB1		STX11		XPNPEP3	PLEKHA1	LIM2		INPP4B	TRIM22	CHP	ING5			NPM2		
				SNW1		WISP3		PARVG	C10orf84	LIPE		LRAT	IFITM3	OIP5	CENTG2			DLC1		
				PCNX		SYNJ2		CERK	LHPP	BCAM		NDST3	DEAF1	BAHD1	TWIST2			SPAG11		
				DAAM1		VNN2		FLJ23588	IKZF5	MYBPC2		HAND2	IPO7	MTMR15	MGC42174			DCTN6		
				TTLL5		VNN1		CENPM	ZDHHC6	NDUFA3		MFAP3L	IFITM2	CEP152	NEU4			PNMA2		
				SYNE2		TAAR5		ALG12	C10orf119	NKG7		SEC24D	TRIM3	MAPKBP1	MTERFD2			ADAM28		
				ANGEL1		MAP7		CRELD2	C10orf81	CNOT3		SPRY1	XLKD1	GOLGA8A	UBE2F			RBPMS		
				ZFYVE26		LATS1		FLJ23584	C10orf88	NOVA2		ANAPC10	PKP3	RTF1	OTOS			LZTS1		
				FLRT2		TAAR2		CCDC134	LRRC27	NPAS1		PGRMC2	SWAP70	DMXL2	MYEOV2			XPO7		
				PLEKHG3		CRSP3		ADM2	GPR123	NTF5		MAB21L2	RAB6IP1	VPS39	OR6B3			TRIM35		
				SIPA1L1		QKI		SCUBE1	NKX6-2	NUCB1		PLK4	KIAA0409	AP4E1	C2orf52			RHOBTB2		
				WDR21A		AKAP7		TRABD	KIAA1914	PAFAH1B3		MORF4	SIRT3	CCNDBP1	MGC35154			KIF13B		
				PLEK2		TBPL1		PNPLA3	KNDC1	PEG3		ADAM29	OR52A1	EID1	TIGD1			PSD3		
				TIMM9		WTAP		SELO	MTG1	PLAUR		PRDM5	ARFIP2	HYPK	LOC285193			LEPROTL1		
				MLH3		AKAP12		L3MBTL2	FANK1	POLD1		LSM6	OR10A3	TMEM87A	ESPNL			SLC39A14		
				KCNH5		KIAA0408		HDAC10	SYCE1	POU2F2		NUDT6	FXC1	RPAP1	AQP12A			FBXO25		
				POMT2		PHACTR2		LDOC1L	PRAP1	PPP2R1A		ANXA10	DKK3	PYGO1	FLJ43374			FGF20		
				COQ6		BCLAF1		POLDIP3	ZNF511	PPP5C		KLHL2	HNRNPG-T	PLDN	UNQ830			ADAMDEC1		
				C14orf111		UST		PHF5A	C10orf90	PRKCG		SCRG1	FRAG1	GREM1	OR6B2			CNOT7		
				RDH11		TRDN		TUBGCP6	BTBD16	PRRG2		HSPA4L	TRPM5	RPUSD2	C2orf19			PURG		
				C14orf112		CITED2		TMEM153	FAM24A	KLK7		DUX4	UBQLN3	76P	ASB18			ZDHHC2		
				DACT1		TRAF3IP2		C22orf32	C10orf89	KLK6		PALLD	RNF141	SCG3	FLJ43879			SLC25A37		
				ATP6V1D		HBS1L		SERHL	MMP21	KLK10		TBC1D9	IGF2AS	TMOD3	FLJ45964			SCARA3		
				C14orf100		PDE10A		PHF21B	PDZD8	PSG1		KIAA0922	BET1L	TMOD2	HCG3			TMEM66		
				DHRS7		SMPDL3A		KLHDC7B	CLRN3	PSG2		TRIM2	CEND1	EHD4	D2HGDH			KCTD9		
				SIX4		RAB32		TNFRSF13C	PNLIPRP3	PSG3		ANP32C	CYB5R2	DUOX2				PINX1		
				ZFYVE1		KATNA1		DNAJB7	SFXN4	PSG4		SLC7A11	TRIM34	MYEF2				PIWIL2		
				C14orf105		FGFR1OP		MEI1	CPXM2	PSG5		CCRN4L	MUCDHL	NDUFAF1				ELP3		
				EXDL2		RBM16		FAM109B	TRUB1	PSG6		DKFZP564J102	TOLLIP	C15orf15				INTS10		
				C14orf115		CDC2L6		NFAM1	VTI1A	PSG7		FBXO8	USP47	NUSAP1				CCDC25		
				SYNJ2BP		MAP3K7IP2		PNPLA5	C10orf82	PSG9		INTU	TRIM68	TMEM85				AGPAT5		
				SLC39A9		TSPYL4		LOC150383	C10orf46	PSG11		ARFIP1	LRDD	SPTBN5				RC74		
				C14orf58		SASH1		WBP2NL	C10orf91	PTGIR		PDLIM3	KCNQ1DN	CTDSPL2				ChGn		
				C14orf118		SYNE1		POLR3H	PWWP2	PTPRH		ZNF330	MMP26	KLF13				HR		
				C14orf108		HEY2		SERHL2	PPAPDC1A	PVR		SPOCK3	C11orf17	DUOX1				PBK		
				ACTR10		HEBP2		MGC70863	PAOX	PVRL2		AADAT	C11orf16	DLL4				ZNF395		
				C14orf162		ASF1A		C22orf34	FAM24B	RELB		C4orf18	TMEM9B	INOC1				DEFB103A		
				ADCK1		CCDC28A		LOC388910	EBF3	RPL18		LARP7	NRIP3	FAM63B				BIN3		
				TMEM63C		MTHFD1L		LOC388915	C10orf93	RPL28		MYOZ2	ASCL3	RNF111				TEX15		
				RHOJ		MOXD1		LOC389286	TCERG1L	RPS5		ACCN5	CHRNA10	SUHW4				MTUS1		
				GALNTL1		PIP3-E		FLJ27365	HSPA12A	RPS9		GALNT7	PNPLA2	TRPM7				KIAA1456		
				PLEKHH1		TIAM2		FLJ46257	C10orf125	RPS11		USP53	KIAA1542	PPP1R14D				KIAA1967		
				TRMT5		FBXO5		FLJ44385	C10orf39	RPS19		OTUD4	SCUBE2	MTMR10				SH2D4A		
				ZNF410		RGS17		FLJ41993	STK32C	RRAS		DCHS2	ZBED5	ZNF770				PDLIM2		
				NGB		PDE7B		LOC440836	KCNK18	RTN2		C4orf27	SIGIRR	CEP27				CSMD1		
				RBM25		DLL1		LOC553158	VWA2	CLEC11A		MARCH1	RIC8A	FAM82C				EBF2		
				C14orf133		MRPL18			NANOS1	SEPW1		LARP2	MRPL17	DNAJC17				RAI16		
				SMOC1		SART2			NHLRC2	SLC1A5		BBS7	EPS8L2	MNS1				MTMR9		
				C14orf4		CLDN20			C10orf96	SLC8A2		NEIL3	STK33	NOLA3				DUSP26		
				MPP5		NOX3			C10orf120	SNRP70		FBXW7	CHID1	MYO5C				HMBOX1		
				C14orf135		HDDC2			LOC399818	SNRPD2		TMEM144	OR51G1	NDNL2				MCPH1		
				GPR135		TFB1M			FLJ46831	SPIB		FLJ11184	OR51B4	KIAA1370				PPP1R3B		
				C14orf140		TUBE1			FLJ46300	AURKC		C4orf20	OR51B2	C15orf24				RNF122		
				C14orf169		RWDD1			FLJ44653	SULT2B1		MAML3	OR52N1	PAK6				NUDT18		
				C14orf45		AIG1			C10orf85	SULT2A1		FLJ20035	RIC3	DTWD1				DOCK5		
				SGPP1		SNX9			FAM45A	SYT5		CDKN2AIP	SLC25A22	CASC5				C8orf41		
				C14orf156		C6orf55			SPRN	TNNI3		TMEM34	ATHL1	AVEN				REEP4		
				DNAL1		BRP44L			NPS	TNNT1		LRP2BP	OR51G2	CX36				STMN4		
				RPS6KL1		HECA			FLJ45557	TULP2		PDGFC	OR51E2	VPS18				SOX7		
				SYT16		IL20RA				NR1H2		TUBB4Q	PTDSS2	SQRDL				C8orf13		
				STON2		UNC93A				VASP		FSTL5	HCCA2	ZFP106				AMAC1L2		
				KIAA1737		MTRF1L				XRCC1		STOX2	SBF2	RFXDC2				RBM13		
				PAPLN		AHI1				ZNF8		ANKRD50	C11orf56	SPATA5L1				FUT10		
				CHURC1		RMND1				ZNF17		RNF150	TRIM5	CHAC1				FAM86B1		
				C14orf43		PHF10				ZNF28		PCDH10	SYT8	C15orf29				THEX1		
				LIN52		VNN3				MZF1		SH3RF1	PRKCDBP	SLTM				LONRF1		
				NEK9		C6orf70				ZNF45		KIAA1627	ODF3	ATP8B4				CHMP7		
				C14orf179		ECHDC1				ZNF221		IL21	OSBPL5	WDR76				RP1L1		
				WDR89		AGPAT4				ZNF222		RXFP1	LRRC56	TMEM62				CLDN23		
				C14orf149		TULP4				ZNF132		SPCS3	MRGPRE	SEMA6D				VPS37A		
				NAT12		GOPC				ZNF134		SCOC	ART5	KIAA1840				SGCZ		
				GPHB5		GPR126				ZNF135		FLJ12716	TRIM6	ELL3				DEFB104A		
				C14orf148		KIAA1244				ZNF137		HHIP	OR52E2	GRINL1A				PEBP4		
				JDP2		PLEKHG1				ZNF155		NDST4	OR52J3	C15orf48				CDCA2		
				HBLD1		ARID1B				ZNF175		C4orf31	OR51L1	C15orf41				ESCO2		
				ACOT4		SERINC1				ZNF180		FAT4	OR51A7	SPPL2A				FBXO16		
				RDH12		ZBTB2				ZNF223		ARSJ	OR51S1	ZFYVE19				C8orf42		
				C14orf50		PBOV1				ZNF224		ARHGAP10	OR51F2	CGNL1				ERICH1		
				SLC38A6		TRMT11				ZNF225		MLF1IP	OR52R1	FRMD5				ZNF596		
				C14orf37		PERP				ZNF226		MAP9	OR52M1	DISP2				UNQ9391		
				ZADH1		SMOC2				ZNF227		TNIP3	OR52K2	CHRFAM7A				C8orf74		
				C14orf44		ALDH8A1				ZNF228		PHF17	OR5P2	FAM7A2				LGI3		
				C14orf166B		ULBP3				ZNF229		WWC2	OR5P3	ATPBD4				DEFB105A		
				THSD3		OR2A4				ZNF230		NARG1	OR2D3	CCDC32				DEFB106A		
				C14orf145		C6orf211				SYMPK		C4orf29	OR2D2	C15orf23				DEFB107A		
				C14orf54		C6orf60				TEAD2		KIAA1712	OR52W1	BMF				DEFB130		
				C14orf83		ZDHHC14				PPFIA3		SETD7	OR56A4	SHF				NEIL2		
				TMEM30B		FRMD1				PLA2G4C		SLC25A31	OR56A1	DUOXA1				C8orf79		
				C14orf174		C6orf208				NAPA		RAB33B	SYT9	D4ST1				XKR6		
				ZDHHC22		C6orf97				SIGLEC5		SNX25	OR52B4	CASC4				EFHA2		
				TMED8		MYCT1				PGLYRP1		TTC29	C11orf40	TGM7				SCARA5		
				C14orf178		ULBP2				UBE2M		MND1	OR52I2	CATSPER2				LOC349196		
				C14orf39		ULBP1				ARHGEF1		SLC10A7	OR51E1	LEO1				DUB3		
				CHX10		LPAL2				PSCD2		TKTL2	UBQLNL	TRIM69				LOC389607		
				RAB15		PPP1R14C				ZNF235		GPR103	OR10A5	C15orf43				XKR5		
				UNQ9438		RNF146				ZNF264		USP38	OR2AG1	Gcom1				C8orf15		
				HEATR4		SF3B5				NCR1		OSAP	DNHD1	TMCO5				LOC440053		
				FLJ39779		TAAR8				NAPSA		CBR4	SCGB1C1	ZNF690				OR4F21		
				MGC88374		RSHL2				KLK4		KIAA1727	C11orf42	TTBK2				DEFB107B		
				ACOT1		TTLL2				ZNF432		LOC90826	NLRP6	CDAN1				DEFB104B		
				ACOT6		FBXO30				DHX34		LOC92345	OR56B4	STRC				DEFB106B		
				FLJ43390		BXDC1				SAE1		WDR17	OR52B2	DYX1C1				DEFB105B		
						L3MBTL3				TRIM28		SCLT1	C11orf35	OTUD7A				C8orf58		
						FAM120B				ZNF256		C4orf33	OR51F1	SPRED1				C8orf49		
						FNDC1				LILRB2		TMEM155	OR51B5	PGBD4				DEFB136		
						RSPO3				TOMM40		Tenr	OR51V1	ADAL				DEFB137		
						LRP11				ZNF211		ZFP42	EFCAB4A	EXDL1				DEFB134		
						LTV1				RABAC1		SPATA4	TMEM80	FSIP1				C8orf61		
						SERAC1				ZNF234		TRAM1L1	C11orf47	RHOV				DEFB109		
						REPS1				ZNF274		ENPP6	OR10A4	C15orf33				PJCG6		
						PPIL4				ZNF460		ASB5	OLFML1	UBR1						
						KIAA1919				PPP1R13L		LOC152485	C11orf36	AGPAT7						
						ARHGAP18				CD3EAP		SH3D19	NLRP10	PLA2G4F						
						SYTL3				RUVBL2		FLJ30277	NLRP14	LRRC57						
						C6orf51				LILRB1		FLJ31659	TMEM16J	LYSMD2						
						FAM54A				KDELR1		FLJ25371	B4GALNT4	NUT						
						SFT2D1				LILRB5		SPATA5	OR52L1	WDR72						
						KIAA1913				SLC27A5		BBS12	OR2AG2	C15orf21						
						NUS1				LILRB4		DCAMKL2	OR52B6	SLC24A5						
						C6orf72				KLK11		TRIM60	OR10A2	PRTG						
						IL22RA2				LILRA1		MMAA	OVCH2	FAM98B						
						C6orf192				LILRB3		MGC27016	PDDC1	PLA2G4D						
						SLC16A10				LILRA3		SYNPO2	GALNTL4	GOLGA8G						
						TAGAP				LILRA2		LOC201725	KRTAP5-1	GLDN						
						DEADC1				SFRS16		TIGD4	KRTAP5-3	USP50						
						C6orf213				KPTN		TMEM154	KRTAP5-4	TEX9						
						TAAR9				KLK8		FLJ38482	IFITM5	FLJ43339						
						TAAR1				PNKP		RWDD4A	OR56B1	TNFAIP8L3						
						STXBP5				U2AF2		CCDC111	OR52K1	SHC4						
						NCOA7				ATF5		FLJ25801	OR52I1	FLJ35695						
						HINT3				SAPS1		ELMOD2	OR51D1	FLJ39531						
						PACRG				CARD8		CCDC110	OR52A4	DUOXA2						
						RAET1E				CIC		MGC33302	OR52A5	LOC440248						
						CNKSR3				ETHE1		CYP4V2	OR51B6	GOLGA8B						
						RAET1L				RPL13A		RNF175	OR51M1	EIF2AK4						
						SAMD3				SYNGR4		FLJ36180	OR51Q1	FLJ32679						
						SLC2A12				LILRA4		ESSPL	OR51I1	CKMT1A						
						PNLDC1				ZIM2		ANKRD37	OR51I2	SERINC4						
						IBRDC1				CBLC		TRIM61	OR52D1	C15orf45						
						TCBA1				NUP62		HELT	OR52H1	FLJ38596						
						OLIG3				HSPBP1		LOC401152	OR52N4							
						TXLNB				PPP1R15A		LOC441046	OR52N5							
						DACT2				EML2		GALNT17	OR52N2							
						C6orf118				ZNF324		FRG2	OR52E6							
						LOC202459				KLK5		DUX4C	OR52E8							
						NT5DC1				PRKD2			OR52E4							
						C6orf78				ZNF473			OR52E5							
						C6orf113				KLK13			OR56A3							
						C6orf170				CCDC9			OR10A6							
						HS3ST5				PRPF31			OR51T1							
						GPRC6A				IRF2BP1			OR51A4							
						RFXDC1				FGF21			OR51A2							
						SLC35F1				ZNF285			KRTAP5-2							
						VGLL2				SIGLEC7			KRTAP5-6							
						C6orf191				LYPD3			TMEM41B							
						WDR27				BBC3			TRIM6-TRIM34							
						C6orf188				DKKL1			INS-IGF2							
						MCMDC1				SIGLEC9										
						SHPRH				SIGLEC8										
						LOC285735				GPR77										
						FLJ34503				CHMP2A										
						DCBLD1				DHDH										
						MGC35308				ZNF544										
						TAAR6				UBE2S										
						SLC35D3				SLC6A16										
						RSHL3				TFPT										
						LFDH				STRN4										
						NUP43				CCDC106										
						C6orf58				EPN1										
						RAET1G				GLTSCR2										
						SUMO4				GLTSCR1										
						C6orf173				EHD2										
						C6orf174				KLK14										
						C6orf204				KLK12										
						C6orf120				SHANK1										
						C6orf190				NOSIP										
						LOC389432				ZNF580										
						IYD				HSD17B14										
						FLJ44955				GP6										
						TCP10L2				VRK3										
						LOC401286				ZNF581										
						C6orf122				PTOV1										
						GTF2H5				PPP1R12C										
						LOC441168				TRPM4										
						LOC441177				ZNF586										
						LOC442247				QPCTL										
						LOC619208				FAM83E										
										EPS8L1										
										RASIP1										
										TMEM160										
										NOP17										
										FLJ10490										
										FLJ10781										
										TMEM143										
										ZNF444										
										ZNF331										
										KLK15										
										NLRP2										
										ZNF416										
										ZNF446										
										ZNF701										
										ZNF83										
										ZNF415										
										FLJ12886										
										IRGC										
										CABP5										
										SPHK2										
										MEIS3										
										CEACAM19										
										SLC17A7										
										NAT14										
										CD177										
										VN1R1										
										RCN3										
										ZNF304										
										TTYH1										
										ZNF471										
										USP29										
										PLEKHA4										
										MARK4										
										ZNF71										
										SR-A1										
										CACNG8										
										CACNG7										
										CACNG6										
										ZNF350										
										TSKS										
										ZNF667										
										ELSPBP1										
										LIN7B										
										HIF3A										
										ZNF574										
										ZNF649										
										ZNF447										
										MGC2752										
										TSEN34										
										TRAPPC6A										
										LENG4										
										FKRP										
										ZSCAN5										
										LENG1										
										LILRA6										
										ZNF576										
										ZNF329										
										TBC1D17										
										ZNF419										
										GEMIN7										
										ISOC2										
										MYH14										
										ZNF665										
										ZNF552										
										ZNF671										
										ZNF613										
										ZNF702										
										ZNF606										
										ZNF614										
										FUZ										
										OPA3										
										RSHL1										
										ZNF611										
										MED25										
										BCL2L12										
										TEX101										
										GRWD1										
										CCDC8										
										SYT3										
										AKT1S1										
										ZNF528										
										BRSK1										
										CNFN										
										ZNF347										
										ZNF577										
										SUV420H2										
										C19orf48										
										ZBTB45										
										ZNF587										
										FIZ1										
										GALP										
										SIGLEC10										
										SIGLEC12										
										ZNF628										
										KIR3DX1										
										C19orf49										
										ZNF551										
										ZNF616										
										ZNF766										
										XTP7										
										ZNF468										
										ZNF160										
										ATPBD3										
										BC37295_3										
										ZNF765										
										NLRP12										
										MYADM										
										CCDC114										
										ACPT										
										CGB5										
										CGB7										
										LENG9										
										CGB8										
										GNG8										
										BIRC8										
										LOC112703										
										RDH13										
										TIP39										
										LOC113386										
										ZIM3										
										SIGLEC11										
										CGB1										
										CGB2										
										LENG8										
										KIR3DL3										
										ZNF526										
										CLDND2										
										LOC125893										
										ZNF543										
										COX6B2										
										OSCAR										
										FLJ16542										
										JOSD2										
										C19orf41										
										CPT1C										
										ALDH16A1										
										LOC126147										
										NLRP13										
										NLRP8										
										NLRP5										
										ZNF787										
										IRGQ										
										ZNF428										
										ZFP28										
										LOC147650										
										ZNF480										
										C19orf18										
										ZNF418										
										ZNF417										
										ZNF548										
										KLC3										
										MDAC1										
										TMC4										
										ZNF524										
										ZNF784										
										FLJ32658										
										DACT3										
										SIX5										
										IGFL2										
										NLRP4										
										ZNF582										
										ZNF583										
										CDC42EP5										
										ZNF610										
										ZNF600										
										ZNF320										
										ZNF497										
										ZNF550										
										ZNF342										
										DEDD2										
										ZNF579										
										ZNF114										
										SPACA4										
										NLRP7										
										IGSF4C										
										ZNF584										
										ZSCAN4										
										NLRP11										
										TMEM86B										
										ZNF549										
										IL4I1										
										LOC284296										
										FLJ35258										
										ZNF547										
										ZIK1										
										ZNF776										
										ZSCAN1										
										MGC70924										
										TMEM145										
										UNQ473										
										PHLDB3										
										ZNF575										
										LYPD5										
										NKPD1										
										TPRX1										
										FLJ36070										
										IZUMO1										
										LOC284361										
										KLK9										
										FLJ40235										
										ZNF615										
										VSTM1										
										VN1R2										
										VN1R4										
										NLRP9										
										LOC339344										
										NANOS2										
										ZNF404										
										ZNF284										
										ZNF677										
										ZSCAN22										
										ZNF530										
										C19orf51										
										ZNF233										
										LILRA5										
										IGFL1										
										LOC374920										
										ZNF773										
										CEACAM16										
										BLOC1S3										
										IGFL3										
										ZNF808										
										ZNF761										
										ZNF470										
										ZNF749										
										ZNF324B										
										FLJ46385										
										ZNF805										
										MGC35402										
										LOC400707										
										FLJ26850										
										ZNF772										
										PSG8										
										IGFL4										
										DPRX										
										DUXA										
										KIR3DP1										
										LOC554235										
