cytoband	9p21.3	1p36.31	13q14.2	14q31.3	6q24.3	9p24.3	22q13.31	10q23.31	4q34.3	10q26.13	19q13.41	10q23.31	11p15.4	15q21.3	13q21.31	12p13.1	2q37.1	
q value	7.8149e-84	7.2626e-06	8.7652e-08	0.00057201	0.0029875	6.2156e-09	0.013063	8.0913e-07	0.019638	0.0017286	0.028249	1.3783e-06	0.11501	0.11501	0.00016315	0.22466	0.23541	
residual q value	7.4708e-82	7.2626e-06	1.5091e-05	0.00057201	0.0029875	0.0032685	0.013063	0.016489	0.019638	0.022464	0.028249	0.036706	0.11501	0.11501	0.18295	0.22466	0.23541	
wide peak boundaries	chr9:21948525-22026366	chr1:5403925-6085767	chr13:46622233-46868174	chr14:82469208-82805370	chr6:110891819-170914576	chr9:1-2023181	chr22:39284908-49396972	chr10:89350221-89876229	chr4:183550887-183684723	chr10:112701281-135037215	chr19:47085127-63811651	chr10:90243715-90362271	chr11:1-12249398	chr15:25689807-57105521	chr13:30569574-106702877	chr12:10137979-14989798	chr2:233375463-243615958	
genes in wide peak	CDKN2A	RPL22	RCBTB2	[FLRT2]	ACAT2	DMRT1	ACR	PTEN	[DCTD]	ACADSB	A1BG	ACTA2	ADM	ACTC1	ATP7B	ARHGDIB	AGXT	
	CDKN2B	KCNAB2	RB1		AMD1	FOXD4	ACO2	C10orf59		ADAM8	AP2A1	STAMBPL1	AP2A2	ADAM10	BRCA2	ART4	ALPI	
		ACOT7	ITM2B		ARG1	SMARCA2	ARSA			ADRB1	APOC1	ANKRD22	AMPD3	APBA2	KLF5	CDKN1B	ALPP	
		ICMT	P2RY5		CCR6	DMRT2	BIK			BNIP3	APOC2		APBB1	AQP9	RCBTB2	CREBL2	ALPPL2	
		CHD5			COL10A1	ANKRD15	TSPO			CASP7	APOC4		RHOG	B2M	CLN5	EMP1	KIF1A	
		C1orf188			CTGF	CBWD1	MPPED1			CTBP2	APOE		ART1	BUB1B	CPB2	ETV6	BOK	
		NPHP4			EPB41L2	DMRT3	CHKB			CYP2E1	KLK3		ASCL2	CAPN3	DACH1	GPR19	CHRND	
		GPR153			EYA4	DOCK8	CPT1B			DOCK1	ATP1A3		CARS	CHRM5	DCT	GRIN2B	CHRNG	
		RNF207			ESR1	C9orf66	CYP2D6			ECHS1	BAX		CCKBR	CHRNA7	EBI2	GUCY2C	COL6A3	
		HES3			FABP7		CYB5R3			EMX2	BCAT2		CD81	CKMT1B	EDNRB	KLRC1	DTYMK	
					FRK		ECGF1			FGFR2	BCL3		CD151	CYP19A1	EFNB2	KLRC2	GBX2	
					FUCA2		EP300			GFRA1	CEACAM1		CDKN1C	DUT	ELF1	KLRC3	GPC1	
					FYN		FBLN1			PRLHR	C5AR1		TPP1	EPB42	ERCC5	KLRD1	GPR35	
					GJA1		XRCC6			GPR26	CA11		CNGA4	FBN1	ESD	LRP6	HDLBP	
					GPR31		MCHR1			GRK5	CALM3		CTSD	FGF7	FGF14	MGP	INPP5D	
					GRM1		NAGA			HABP2	CD33		DRD4	GABPB2	GPC5	OLR1	KCNJ13	
					HDAC2		NDUFA6			HMX2	SIGLEC6		DUSP8	GALK2	FOXO1A	PRB1	NDUFA10	
					HIVEP2		NHP2L1			INPP5A	CD37		EIF4G2	GANC	GPR18	PRB3	SEPT2	
					HSF2		PMM1			ABLIM1	CGB		HBB	GATM	MLNR	PRB4	NEU2	
					IFNGR1		PPARA			MGMT	CEACAM8		HBD	GCHFR	GTF2F2	PRH1	PPP1R7	
					IGF2R		MAPK11			MKI67	CKM		HBE1	PDIA3	HTR2A	PRH2	SAG	
					KIF25		RANGAP1			NRAP	AP2S1		HBG1	HDC	KPNA3	KLRC4	SPP2	
					KPNA5		MAPK12			OAT	CLPTM1		HBG2	ONECUT1	RANBP5	CSDA	DGKD	
					LAMA2		SBF1			PNLIP	CRX		HPX	ITPKA	LCP1	GPRC5A	PER2	
					LAMA4		SREBF2			PNLIPRP1	DBP		HRAS	IVD	LIG4	KLRA1	LRRFIP1	
					LPA		ST13			PNLIPRP2	DMPK		IGF2	LIPC	LMO7	PRR4	ECEL1	
					MARCKS		TCF20			HTRA1	DMWD		ILK	LTK	MAB21L1	KLRK1	EIF4E2	
					MAN1A1		TEF			PTPRE	MEGF8		INS	MAP1A	SMAD9	GABARAPL1	HDAC4	
					MAS1		UPK3A			RGS10	EMP3		IRF7	MEIS2	NEK3	TAS2R9	FARP2	
					MAP3K4		CELSR1			SLC18A2	ERCC1		KCNQ1	MFAP1	PCCA	TAS2R8	ARL4C	
					MAP3K5		SAPS2			TCF7L2	ERCC2		LMO1	TRPM1	PCDH8	TAS2R7	RAMP1	
					MLLT4		ZBED4			TECTB	ERF		LSP1	MYO5A	PCDH9	TAS2R13	STK25	
					MYB		RBX1			TIAL1	ETFB		MUC2	NEDD4	POU4F1	TAS2R10	COPS8	
					NMBR		SCO2			UROS	FCAR		NAP1L4	OCA2	DNAJC3	TAS2R14	CAPN10	
					OPRM1		PKDREJ			ADAM12	FCGRT		NUP98	PLCB2	RAP2A	HEBP1	PASK	
					PARK2		SLC25A17			UTF1	FLT3LG		SLC22A18	MAPK6	RB1	DDX47	ATG4B	
					PCMT1		NUP50			EIF3S10	FOSB		SLC22A18AS	RAB27A	RFC3	CLEC1A	SH3BP4	
					PDCD2		TOB2			BUB3	FPR1		POLR2L	RAD51	RFXAP	WBP11	NGEF	
					ENPP1		RABL2B			BAG3	FPRL1		PSMD13	RYR3	SLC10A2	MANSC1	TNRC15	
					ENPP3		PACSIN2			FAM53B	FPRL2		RNH1	SCG5	SLC15A1	FLJ10292	TRAF3IP1	
					PEX7		DIP			DCLRE1A	FTL		MRPL23	SLC12A1	TPP2	STYK1	TMEM16G	
					PLAGL1		TTLL12			TXNL2	FUT1		RPL27A	SORD	TPT1	GPRC5D	PRLH	
					PLG		MLC1			DPYSL4	FUT2		RPLP2	SPINT1	TRPC4	ATF7IP	THAP4	
					PLN		ZC3H7B			TACC2	GIPR		RRM1	SRP14	UCHL3	H2AFJ	ANKMY1	
					PKIB		C22orf9			TUBGCP2	GPR4		SCT	TCF12	ZIC2	KIAA1467	SCLY	
					PSMB1		MAPK8IP2			PRDX3	GPR32		SMPD1	THBS1	STK24	CLEC7A	ASB1	
					PTPRK		BRD1			VAX1	GRIK5		TRIM21	TJP1	TNFSF11	BCL2L14	UGT1A10	
					REV3L		ARHGAP8			ATE1	GRIN2D		ST5	TP53BP1	SCEL	FLJ22662	UGT1A8	
					ROS1		TBC1D22A			SEC23IP	GRLF1		STIM1	TYRO3	SUCLA2	DUSP16	UGT1A7	
					RPS6KA2		TTLL1			RAB11FIP2	GSK3A		TAF10	SLC30A4	TSC22D1	APOLD1	UGT1A6	
					RPS12		SAMM50			INPP5F	GYS1		TALDO1	EIF3S1	CCNA1	GSG1	UGT1A5	
					SGK		ATXN10			DUX4	HAS1		TH	PLA2G4B	CLDN10	LOH12CR1	UGT1A9	
					SLC22A1		FAM19A5			KIAA0157	FOXA3		TSPAN4	SNAP23	DCAMKL1	C12orf59	UGT1A4	
					SLC22A3		SULT4A1			ATRNL1	HRC		TNNI2	ALDH1A2	ITGBL1	HIST4H4	UGT1A1	
					SLC22A2		RIBC2			C10orf137	PRMT1		TNNT3	HERC2	KL	C12orf46	UGT1A3	
					SOD2		ARFGAP3			VENTX	IL11		PHLDA2	USP8	TM9SF2	C12orf60	ATG16L1	
					T		SMC1B			CUZD1	IRF3		TUB	SLC28A2	ITM2B	TAS2R43	USP40	
					TBP		CSDC2			DRD1IP	KCNA7		WEE1	CCPG1	MTRF1	TAS2R44	DKFZp762E1312	
					TCF21		CGI-96			GALNAC4S-6ST	KCNC3		ZNF143	COPS2	UTP14C	TAS2R46	HES6	
					TCP1		MCAT			ACSL5	KCNJ14		ZNF195	TGM5	TBC1D4	TAS2R48	CXCR7	
					TCP10		D15Wsu75e			ZRANB1	KCNN4		ZNF214	PIGB	GPC6	TAS2R49	RNPEPL1	
					TCTE3		PARVB			C10orf92	KIR2DL1		ZNF215	HISPPD2A	FRY	TAS2R50	GAL3ST2	
					DYNLT1		NCAPH2			NSMCE4A	KIR2DL3		RASSF7	AQR	MBNL2	C12orf36	RAB17	
					THBS2		GTSE1			C10orf118	KIR2DL4		PPFIBP2	KIAA0256	FARP1	TAS2R42	TRPM8	
					TNFAIP3		A4GALT			BRWD2	KIR2DS4		IFITM1	ARHGAP11A	P2RY5	LOC440087	MLPH	
					TPD52L1		MOV10L1			DHX32	KIR3DL1		OR6A2	LCMT2	SLC25A15	PRB2	IQCA	
					TSPYL1		FAM118A			PPP2R2D	KIR3DL2		DCHS1	SLC12A6	LHFP		FLJ22671	
					UTRN		FLJ20699			FAM45B	KLK1		EIF3S5	BCL2L10	TRIM13		EFHD1	
					VIL2		C22orf26			TDRD1	KLK2		BRSK2	RASGRP1	MRPS31		ILKAP	
					VIP		MIOX			BCCIP	LAIR1		MICAL2	SERF2	SPRY2		ING5	
					EPM2A		PRR5			GPAM	LAIR2		CTR9	GNB5	ABCC4		CENTG2	
					STX7		TRMU			KIAA1598	LHB		TSPAN32	ARPP-19	PFAAP5		TWIST2	
					PEX3		SEPT3			KIAA1600	LIG1		TSSC4	SLC27A2	C13orf24		MGC42174	
					RNASET2		PANX2			PLEKHA1	LIM2		MRVI1	GPR176	OLFM4		NEU4	
					STX11		XPNPEP3			C10orf84	LIPE		TRIM22	CHP	POSTN		MTERFD2	
					WISP3		PARVG			LHPP	BCAM		IFITM3	OIP5	TNFSF13B		UBE2F	
					SYNJ2		CERK			IKZF5	MYBPC2		DEAF1	BAHD1	SUGT1		OTOS	
					VNN2		FLJ23588			ZDHHC6	NDUFA3		IPO7	MTMR15	LECT1		MYEOV2	
					VNN1		CENPM			C10orf119	NKG7		IFITM2	CEP152	SOX21		OR6B3	
					TAAR5		ALG12			C10orf81	CNOT3		TRIM3	MAPKBP1	WBP4		TIGD1	
					MAP7		CRELD2			C10orf88	NOVA2		XLKD1	GOLGA8A	AKAP11		LOC285193	
					LATS1		FLJ23584			LRRC27	NPAS1		PKP3	RTF1	KLF12		ESPNL	
					TAAR2		CCDC134			GPR123	NTF5		SWAP70	DMXL2	EXOSC8		AQP12A	
					CRSP3		ADM2			NKX6-2	NUCB1		RAB6IP1	VPS39	FNDC3A		FLJ43374	
					QKI		SCUBE1			KIAA1914	PAFAH1B3		KIAA0409	AP4E1	DZIP1		UNQ830	
					AKAP7		TRABD			KNDC1	PEG3		SIRT3	CCNDBP1	KIAA1008		OR6B2	
					TBPL1		PNPLA3			MTG1	PLAUR		OR52A1	EID1	APRIN		C2orf19	
					WTAP		SELO			FANK1	POLD1		ARFIP2	HYPK	MYCBP2		ASB18	
					AKAP12		L3MBTL2			SYCE1	POU2F2		OR10A3	TMEM87A	KIAA0564		FLJ43879	
					KIAA0408		HDAC10			PRAP1	PPP2R1A		FXC1	RPAP1	ZC3H13		FLJ45964	
					PHACTR2		LDOC1L			ZNF511	PPP5C		DKK3	PYGO1	SPG20		HCG3	
					BCLAF1		POLDIP3			C10orf90	PRKCG		HNRNPG-T	PLDN	LRCH1		D2HGDH	
					UST		PHF5A			BTBD16	PRRG2		FRAG1	GREM1	DOCK9			
					TRDN		TUBGCP6			FAM24A	KLK7		TRPM5	RPUSD2	TGDS			
					CITED2		TMEM153			C10orf89	KLK6		UBQLN3	76P	SLITRK5			
					TRAF3IP2		C22orf32			MMP21	KLK10		RNF141	SCG3	FBXL3			
					HBS1L		SERHL			PDZD8	PSG1		IGF2AS	TMOD3	INTS6			
					PDE10A		PHF21B			CLRN3	PSG2		BET1L	TMOD2	CKAP2			
					SMPDL3A		KLHDC7B			PNLIPRP3	PSG3		CEND1	EHD4	NUFIP1			
					RAB32		TNFRSF13C			SFXN4	PSG4		CYB5R2	DUOX2	NBEA			
					KATNA1		DNAJB7			CPXM2	PSG5		TRIM34	MYEF2	OXGR1			
					FGFR1OP		MEI1			TRUB1	PSG6		MUCDHL	NDUFAF1	PCDH17			
					RBM16		FAM109B			VTI1A	PSG7		TOLLIP	C15orf15	RGC32			
					CDC2L6		NFAM1			C10orf82	PSG9		USP47	NUSAP1	MED4			
					MAP3K7IP2		PNPLA5			C10orf46	PSG11		TRIM68	TMEM85	DNAJC15			
					TSPYL4		LOC150383			C10orf91	PTGIR		LRDD	SPTBN5	ALG5			
					SASH1		WBP2NL			PWWP2	PTPRH		KCNQ1DN	CTDSPL2	VPS36			
					SYNE1		POLR3H			PPAPDC1A	PVR		MMP26	KLF13	PHF11			
					HEY2		SERHL2			PAOX	PVRL2		C11orf17	DUOX1	UFM1			
					HEBP2		MGC70863			FAM24B	RELB		C11orf16	DLL4	NDFIP2			
					ASF1A		C22orf34			EBF3	RPL18		TMEM9B	INOC1	BIVM			
					CCDC28A		LOC388910			C10orf93	RPL28		NRIP3	FAM63B	SOHLH2			
					MTHFD1L		LOC388915			TCERG1L	RPS5		ASCL3	RNF111	PIG38			
					MOXD1		LOC389286			HSPA12A	RPS9		CHRNA10	SUHW4	FLJ10154			
					PIP3-E		FLJ27365			C10orf125	RPS11		PNPLA2	TRPM7	RCBTB1			
					TIAM2		FLJ46257			C10orf39	RRAS		KIAA1542	PPP1R14D	NUDT15			
					FBXO5		FLJ44385			STK32C	RTN2		SCUBE2	MTMR10	KIAA1704			
					RGS17		FLJ41993			KCNK18	CLEC11A		ZBED5	ZNF770	FAM48A			
					PDE7B		LOC440836			VWA2	SEPW1		SIGIRR	CEP27	UGCGL2			
					DLL1		LOC553158			NANOS1	SLC1A5		RIC8A	FAM82C	THSD1			
					MRPL18					NHLRC2	SLC8A2		MRPL17	DNAJC17	CYSLTR2			
					SART2					C10orf96	SNRP70		EPS8L2	MNS1	C13orf1			
					CLDN20					C10orf120	SNRPD2		STK33	NOLA3	COG6			
					NOX3					LOC399818	SPIB		CHID1	MYO5C	KLHL1			
					HDDC2					FLJ46831	AURKC		OR51G1	NDNL2	RBM26			
					TFB1M					FLJ46300	SULT2B1		OR51B4	KIAA1370	PCDH20			
					TUBE1					FLJ44653	SULT2A1		OR51B2	C15orf24	KDELC1			
					RWDD1					C10orf85	SYT5		OR52N1	PAK6	C13orf7			
					AIG1					FAM45A	TNNI3		RIC3	DTWD1	NARG1L			
					SNX9					SPRN	TNNT1		SLC25A22	CASC5	RNASEH2B			
					C6orf55					NPS	TULP2		ATHL1	AVEN	DHRS12			
					BRP44L					FLJ45557	NR1H2		OR51G2	CX36	C13orf34			
					HECA						VASP		OR51E2	VPS18	C13orf18			
					IL20RA						XRCC1		PTDSS2	SQRDL	C13orf23			
					UNC93A						ZNF8		HCCA2	ZFP106	TDRD3			
					MTRF1L						ZNF17		SBF2	RFXDC2	CDADC1			
					AHI1						ZNF28		C11orf56	SPATA5L1	CAB39L			
					RMND1						MZF1		TRIM5	CHAC1	DIAPH3			
					PHF10						ZNF45		SYT8	C15orf29	CCDC70			
					VNN3						ZNF221		PRKCDBP	SLTM	COG3			
					C6orf70						ZNF222		ODF3	ATP8B4	SETDB2			
					ECHDC1						ZNF132		OSBPL5	WDR76	KBTBD7			
					AGPAT4						ZNF134		LRRC56	TMEM62	SLITRK6			
					TULP4						ZNF135		MRGPRE	SEMA6D	EBPL			
					GOPC						ZNF137		ART5	KIAA1840	TMTC4			
					GPR126						ZNF155		TRIM6	ELL3	ABHD13			
					KIAA1244						ZNF175		OR52E2	GRINL1A	ZIC5			
					PLEKHG1						ZNF180		OR52J3	C15orf48	KBTBD6			
					ARID1B						ZNF223		OR51L1	C15orf41	STARD13			
					SERINC1						ZNF224		OR51A7	SPPL2A	CG018			
					ZBTB2						ZNF225		OR51S1	ZFYVE19	C13orf27			
					PBOV1						ZNF226		OR51F2	CGNL1	EPSTI1			
					TRMT11						ZNF227		OR52R1	FRMD5	SLITRK1			
					PERP						ZNF228		OR52M1	DISP2	KCTD12			
					SMOC2						ZNF229		OR52K2	CHRFAM7A	ARL11			
					ALDH8A1						ZNF230		OR5P2	FAM7A2	WDFY2			
					ULBP3						SYMPK		OR5P3	ATPBD4	CSNK1A1L			
					OR2A4						TEAD2		OR2D3	CCDC32	SLAIN1			
					C6orf211						PPFIA3		OR2D2	C15orf23	FLJ40296			
					C6orf60						PLA2G4C		OR52W1	BMF	RNF113B			
					ZDHHC14						NAPA		OR56A4	SHF	C13orf30			
					FRMD1						SIGLEC5		OR56A1	DUOXA1	C13orf31			
					C6orf208						PGLYRP1		SYT9	D4ST1	LOC144983			
					C6orf97						UBE2M		OR52B4	CASC4	DGKH			
					MYCT1						ARHGEF1		C11orf40	TGM7	CCDC122			
					ULBP2						PSCD2		OR52I2	CATSPER2	GPR180			
					ULBP1						ZNF235		OR51E1	LEO1	STOML3			
					LPAL2						ZNF264		UBQLNL	TRIM69	COMMD6			
					PPP1R14C						NCR1		OR10A5	C15orf43	CLYBL			
					RNF146						NAPSA		OR2AG1	Gcom1	LOC196541			
					SF3B5						KLK4		DNHD1	TMCO5	SPERT			
					TAAR8						ZNF432		SCGB1C1	ZNF690	DLEU7			
					RSHL2						DHX34		C11orf42	TTBK2	FAM124A			
					TTLL2						SAE1		NLRP6	CDAN1	LOC220416			
					FBXO30						TRIM28		OR56B4	STRC	SLC25A30			
					BXDC1						ZNF256		OR52B2	DYX1C1	VGCNL1			
					L3MBTL3						LILRB2		C11orf35	OTUD7A	HS6ST3			
					FAM120B						TOMM40		OR51F1	SPRED1	DAOA			
					FNDC1						ZNF211		OR51B5	PGBD4	LOC283514			
					RSPO3						RABAC1		OR51V1	ADAL	KCNRG			
					LRP11						ZNF234		EFCAB4A	EXDL1	PHGDHL1			
					LTV1						ZNF274		TMEM80	FSIP1	FREM2			
					SERAC1						ZNF460		C11orf47	RHOV	NEK5			
					REPS1						PPP1R13L		OR10A4	C15orf33	KCTD4			
					PPIL4						CD3EAP		OLFML1	UBR1	LOC387921			
					KIAA1919						RUVBL2		C11orf36	AGPAT7	C13orf21			
					ARHGAP18						LILRB1		NLRP10	PLA2G4F	LOC400120			
					SYTL3						KDELR1		NLRP14	LRRC57	ALG11			
					C6orf51						LILRB5		TMEM16J	LYSMD2	LOC440145			
					FAM54A						SLC27A5		B4GALNT4	NUT	C1orf186			
					SFT2D1						LILRB4		OR52L1	WDR72				
					KIAA1913						KLK11		OR2AG2	C15orf21				
					NUS1						LILRA1		OR52B6	SLC24A5				
					C6orf72						LILRB3		OR10A2	PRTG				
					IL22RA2						LILRA3		OVCH2	FAM98B				
					C6orf192						LILRA2		PDDC1	PLA2G4D				
					SLC16A10						SFRS16		GALNTL4	GOLGA8G				
					TAGAP						KPTN		KRTAP5-1	GLDN				
					DEADC1						KLK8		KRTAP5-3	USP50				
					C6orf213						PNKP		KRTAP5-4	TEX9				
					TAAR9						U2AF2		IFITM5	FLJ43339				
					TAAR1						ATF5		OR56B1	TNFAIP8L3				
					STXBP5						SAPS1		OR52K1	SHC4				
					NCOA7						CARD8		OR52I1	FLJ35695				
					HINT3						CIC		OR51D1	FLJ39531				
					PACRG						ETHE1		OR52A4	DUOXA2				
					RAET1E						RPL13A		OR52A5	LOC440248				
					CNKSR3						SYNGR4		OR51B6	GOLGA8B				
					RAET1L						LILRA4		OR51M1	EIF2AK4				
					SAMD3						ZIM2		OR51Q1	FLJ32679				
					SLC2A12						CBLC		OR51I1	CKMT1A				
					PNLDC1						NUP62		OR51I2	SERINC4				
					IBRDC1						HSPBP1		OR52D1	C15orf45				
					TCBA1						PPP1R15A		OR52H1	FLJ38596				
					OLIG3						EML2		OR52N4					
					TXLNB						ZNF324		OR52N5					
					DACT2						KLK5		OR52N2					
					C6orf118						PRKD2		OR52E6					
					LOC202459						ZNF473		OR52E8					
					NT5DC1						KLK13		OR52E4					
					C6orf78						CCDC9		OR52E5					
					C6orf113						PRPF31		OR56A3					
					C6orf170						IRF2BP1		OR10A6					
					HS3ST5						FGF21		OR51T1					
					GPRC6A						ZNF285		OR51A4					
					RFXDC1						SIGLEC7		OR51A2					
					SLC35F1						LYPD3		KRTAP5-2					
					VGLL2						BBC3		KRTAP5-6					
					C6orf191						DKKL1		TMEM41B					
					WDR27						SIGLEC9		TRIM6-TRIM34					
					C6orf188						SIGLEC8		INS-IGF2					
					MCMDC1						GPR77							
					SHPRH						CHMP2A							
					LOC285735						DHDH							
					FLJ34503						ZNF544							
					DCBLD1						UBE2S							
					MGC35308						SLC6A16							
					TAAR6						TFPT							
					SLC35D3						STRN4							
					RSHL3						CCDC106							
					LFDH						EPN1							
					NUP43						GLTSCR2							
					C6orf58						GLTSCR1							
					RAET1G						EHD2							
					SUMO4						KLK14							
					C6orf173						KLK12							
					C6orf174						SHANK1							
					C6orf204						NOSIP							
					C6orf120						ZNF580							
					C6orf190						HSD17B14							
					LOC389432						GP6							
					IYD						VRK3							
					FLJ44955						ZNF581							
					TCP10L2						PTOV1							
					LOC401286						PPP1R12C							
					C6orf122						TRPM4							
					GTF2H5						ZNF586							
					LOC441168						QPCTL							
					LOC441177						FAM83E							
					LOC442247						EPS8L1							
					LOC619208						RASIP1							
											TMEM160							
											NOP17							
											FLJ10490							
											FLJ10781							
											TMEM143							
											ZNF444							
											ZNF331							
											KLK15							
											NLRP2							
											ZNF416							
											ZNF446							
											ZNF701							
											ZNF83							
											ZNF415							
											FLJ12886							
											IRGC							
											CABP5							
											SPHK2							
											MEIS3							
											CEACAM19							
											SLC17A7							
											NAT14							
											CD177							
											VN1R1							
											RCN3							
											ZNF304							
											TTYH1							
											ZNF471							
											USP29							
											PLEKHA4							
											MARK4							
											ZNF71							
											SR-A1							
											CACNG8							
											CACNG7							
											CACNG6							
											ZNF350							
											TSKS							
											ZNF667							
											ELSPBP1							
											LIN7B							
											HIF3A							
											ZNF574							
											ZNF649							
											ZNF447							
											MGC2752							
											TSEN34							
											TRAPPC6A							
											LENG4							
											FKRP							
											ZSCAN5							
											LENG1							
											LILRA6							
											ZNF576							
											ZNF329							
											TBC1D17							
											ZNF419							
											GEMIN7							
											ISOC2							
											MYH14							
											ZNF665							
											ZNF552							
											ZNF671							
											ZNF613							
											ZNF702							
											ZNF606							
											ZNF614							
											FUZ							
											OPA3							
											RSHL1							
											ZNF611							
											MED25							
											BCL2L12							
											TEX101							
											GRWD1							
											CCDC8							
											SYT3							
											AKT1S1							
											ZNF528							
											BRSK1							
											CNFN							
											ZNF347							
											ZNF577							
											SUV420H2							
											C19orf48							
											ZBTB45							
											ZNF587							
											FIZ1							
											GALP							
											SIGLEC10							
											SIGLEC12							
											ZNF628							
											KIR3DX1							
											C19orf49							
											ZNF551							
											ZNF616							
											ZNF766							
											XTP7							
											ZNF468							
											ZNF160							
											ATPBD3							
											BC37295_3							
											ZNF765							
											NLRP12							
											MYADM							
											CCDC114							
											ACPT							
											CGB5							
											CGB7							
											LENG9							
											CGB8							
											GNG8							
											BIRC8							
											LOC112703							
											RDH13							
											TIP39							
											LOC113386							
											ZIM3							
											SIGLEC11							
											CGB1							
											CGB2							
											LENG8							
											KIR3DL3							
											ZNF526							
											CLDND2							
											LOC125893							
											ZNF543							
											COX6B2							
											OSCAR							
											FLJ16542							
											JOSD2							
											C19orf41							
											CPT1C							
											ALDH16A1							
											LOC126147							
											NLRP13							
											NLRP8							
											NLRP5							
											ZNF787							
											IRGQ							
											ZNF428							
											ZFP28							
											LOC147650							
											ZNF480							
											C19orf18							
											ZNF418							
											ZNF417							
											ZNF548							
											KLC3							
											MDAC1							
											TMC4							
											ZNF524							
											ZNF784							
											FLJ32658							
											DACT3							
											SIX5							
											IGFL2							
											NLRP4							
											ZNF582							
											ZNF583							
											CDC42EP5							
											ZNF610							
											ZNF600							
											ZNF320							
											ZNF497							
											ZNF550							
											ZNF342							
											DEDD2							
											ZNF579							
											ZNF114							
											SPACA4							
											NLRP7							
											IGSF4C							
											ZNF584							
											ZSCAN4							
											NLRP11							
											TMEM86B							
											ZNF549							
											IL4I1							
											LOC284296							
											FLJ35258							
											ZNF547							
											ZIK1							
											ZNF776							
											ZSCAN1							
											MGC70924							
											TMEM145							
											UNQ473							
											PHLDB3							
											ZNF575							
											LYPD5							
											NKPD1							
											TPRX1							
											FLJ36070							
											IZUMO1							
											LOC284361							
											KLK9							
											FLJ40235							
											ZNF615							
											VSTM1							
											VN1R2							
											VN1R4							
											NLRP9							
											LOC339344							
											NANOS2							
											ZNF404							
											ZNF284							
											ZNF677							
											ZSCAN22							
											ZNF530							
											C19orf51							
											ZNF233							
											LILRA5							
											IGFL1							
											LOC374920							
											ZNF773							
											CEACAM16							
											BLOC1S3							
											IGFL3							
											ZNF808							
											ZNF761							
											ZNF470							
											ZNF749							
											ZNF324B							
											FLJ46385							
											ZNF805							
											MGC35402							
											LOC400707							
											FLJ26850							
											ZNF772							
											PSG8							
											IGFL4							
											DPRX							
											DUXA							
											KIR3DP1							
											LOC554235							
