cytoband	7p11.2	7p11.2	4q12	7p11.2	12q15	1q32.1	7q31.2	12q14.1	12p12.1	12q14.3	7p13	17q24.1	12p13.31	6p21.1	
q value	1.7275e-50	2.4412e-27	1.5639e-08	2.04e-18	4.5481e-05	7.5242e-05	0.005393	0.034422	0.054623	0.053795	0.057396	0.14518	0.14199	0.1894	
residual q value	3.459e-42	4.2985e-09	1.5639e-08	2.0193e-05	5.9488e-05	7.5242e-05	0.005393	0.047528	0.066405	0.0783	0.13826	0.14518	0.14528	0.1894	
wide peak boundaries	chr7:54701111-54836945	chr7:54381486-54444078	chr4:54591095-55217249	chr7:54278791-54364730	chr12:67295984-67693597	chr1:201511510-201914639	chr7:115813600-116971978	chr12:55820738-57003704	chr12:25105888-25537445	chr12:65150559-65279471	chr7:45681123-45907770	chr17:64464485-64770350	chr12:9142892-9882362	chr6:42618663-43350861	
genes in wide peak	EGFR	[VSTM2]	PDGFRA	VSTM2	CPM	MDM4	CAPZA2	CDK4	KRAS	GRIP1	IGFBP3	APOH	A2M	MEA1	
			CHIC2		MDM2	PIK3C2B	CFTR	CYP27B1	LRMP			CCDC46	CD69	PEX6	
			GSH2		RAP1B	LRRN5	MET	DDIT3	CASC1				KLRB1	PPP2R5D	
			LOC402176		SLC35E3	PPP1R15B	WNT2	B4GALNT1	LYRM5				PZP	PTK7	
					NUP107		ST7	GLI1	IFLTD1				CLEC2D	PRPH2	
							CTTNBP2	INHBC					KLRF1	SRF	
							ASZ1	KIF5A					DCAL1	TBCC	
								LRP1						CUL7	
								MARS						C6orf108	
								METTL1						TNRC5	
								TSPAN31						SLC22A7	
								SHMT2						PARC	
								TSFM						UBR2	
								CTDSP2						KIAA0240	
								DCTN2						ZNF318	
								AVIL						GNMT	
								OS9						MRPL2	
								NXPH4						TTBK1	
								R3HDM2						C6orf153	
								FAM119B						KLC4	
								NDUFA4L2						KLHDC3	
								ARHGAP9						PTCRA	
								SLC26A10						RPL7L1	
								PIP5K2C						CRIP3	
								INHBE						LOC441150	
								XRCC6BP1							
								MARCH9							
								MBD6							
								GEFT							
								CENTG1							
								DTX3							
								STAC3							
