GISTIC version 2.0.23
   100

    25

    50

    75

   100

   100

Conv:.........................................................................................................
   100

Conv:.........................................................................................................
Conv:.....................................................
Conv:.....................................................
Conv:.....................................................
Conv:.....................................................
Conv:.....................................................
Conv:.....................................................
Conv:.....................................................
Conv:.....................................................
Conv:.....................................................
Conv:.....................................................
Conv:.....................................................
Conv:.....................................................
Conv:.....................................................
Conv:.....................................................
Conv:.....................................................
Conv:.....................................................
Conv:.....................................................
Conv:.....................................................
Conv:.....................................................
Conv:.....................................................
Conv:.....................................................
Conv:.....................................................
Conv:.....................................................
Conv:.....................................................
Conv:.....................................................
Conv:.....................................................
Conv:.....................................................
Conv:.....................................................
Conv:.....................................................
Conv:.....................................................
Conv:.....................................................
Conv:.....................................................
Conv:.....................................................
Conv:.....................................................
Conv:.....................................................
Conv:.....................................................
Conv:.....................................................
Conv:.....................................................
Conv:.....................................................
Conv:.....................................................
Conv:.....................................................
Conv:.....................................................
Conv:.....................................................
Conv:.....................................................
Conv:.....................................................
Conv:.....................................................
Conv:.....................................................
Conv:.....................................................
Conv:.....................................................
Conv:.....................................................
Conv:.....................................................
Conv:.....................................................
Conv:.....................................................
Conv:.....................................................
Conv:.....................................................
Conv:.....................................................
Conv:.....................................................
Conv:.....................................................
Conv:.....................................................
Conv:.....................................................
Conv:.....................................................
Conv:.....................................................
Conv:.....................................................
Conv:.....................................................
Conv:.....................................................
Conv:.....................................................
Conv:.....................................................
Conv:.....................................................
Conv:.....................................................
Conv:.....................................................
Conv:.....................................................
Conv:.....................................................
Conv:.....................................................
Conv:.....................................................
Conv:.....................................................
Conv:.....................................................
Conv:.....................................................
Conv:.....................................................
Conv:.....................................................
Conv:.....................................................
Conv:.....................................................
Conv:.....................................................
Conv:.....................................................
Conv:.....................................................
Conv:.....................................................
Conv:.....................................................
Conv:.....................................................
Conv:.....................................................
Conv:.....................................................
Conv:.....................................................
Conv:.....................................................
Conv:.....................................................
Conv:.....................................................
Conv:.....................................................
Conv:.....................................................
Finding peaks on chromosome 1
Resolving conflicts...
Amplification peak at chr1:201541285-201665711(6762:6768)
q-value = 7.5242e-05 & residual q-value = 7.5242e-05
Finding peaks on chromosome 2
Finding peaks on chromosome 3
Finding peaks on chromosome 4
Resolving conflicts...
Amplification peak at chr4:54626494-55171002(26105:26115)
q-value = 1.5639e-08 & residual q-value = 1.5639e-08
Finding peaks on chromosome 5
Finding peaks on chromosome 6
Resolving conflicts...
Amplification peak at chr6:42688559-42898352(41174:41178)
q-value = 0.1894 & residual q-value = 0.1894
Finding peaks on chromosome 7
Resolving conflicts...
Resolving conflicts...
Resolving conflicts...
Resolving conflicts...
Amplification peak at chr7:54721530-54769595(49322:49326)
q-value = 1.7275e-50 & residual q-value = 3.459e-42
Amplification peak at chr7:54402007-54402322(49294:49295)
q-value = 2.4412e-27 & residual q-value = 4.2985e-09
Amplification peak at chr7:54352787-54361013(49283:49284)
q-value = 2.04e-18 & residual q-value = 2.0193e-05
Amplification peak at chr7:115873505-116860319(51369:51421)
q-value = 0.005393 & residual q-value = 0.005393
Amplification peak at chr7:45749126-45895276(48897:48902)
q-value = 0.057396 & residual q-value = 0.13826
Finding peaks on chromosome 8
Finding peaks on chromosome 9
Finding peaks on chromosome 10
Finding peaks on chromosome 11
Finding peaks on chromosome 12
Resolving conflicts...
Resolving conflicts...
Resolving conflicts...
Resolving conflicts...
Amplification peak at chr12:67484379-67595605(75149:75154)
q-value = 4.5481e-05 & residual q-value = 5.9488e-05
Amplification peak at chr12:56672392-56883837(74639:74653)
q-value = 0.034422 & residual q-value = 0.047528
Amplification peak at chr12:25145843-25165034(73608:73610)
q-value = 0.054623 & residual q-value = 0.066405
Amplification peak at chr12:65181355-65181355(74988:74988)
q-value = 0.053795 & residual q-value = 0.0783
Amplification peak at chr12:9212534-9254198(72966:72971)
q-value = 0.14199 & residual q-value = 0.14528
Finding peaks on chromosome 13
Finding peaks on chromosome 14
Finding peaks on chromosome 15
Finding peaks on chromosome 16
Finding peaks on chromosome 17
Resolving conflicts...
Amplification peak at chr17:64494057-64613761(92148:92158)
q-value = 0.14518 & residual q-value = 0.14518
Finding peaks on chromosome 18
Finding peaks on chromosome 19
Finding peaks on chromosome 20
Finding peaks on chromosome 21
Finding peaks on chromosome 22
Finding peaks on chromosome 1
Resolving conflicts...
Deletion peak at genes: C1orf188
q-value = 4.3781e-06 & residual q-value = 4.3781e-06
Finding peaks on chromosome 2
Deletion peak at genes: ARL4C
q-value = 0.21587 & residual q-value = 0.2156
Finding peaks on chromosome 3
Deletion peak at genes: CCDC50
q-value = 0.16171 & residual q-value = 0.16419
Finding peaks on chromosome 4
Deletion peak at genes: CYP4V2
q-value = 0.093826 & residual q-value = 0.096548
Finding peaks on chromosome 5
Finding peaks on chromosome 6
Resolving conflicts...
Deletion peak at genes: LOC389432
q-value = 0.0034007 & residual q-value = 0.0034007
Finding peaks on chromosome 7
Finding peaks on chromosome 8
Deletion peak at genes: DEFA1
q-value = 0.24488 & residual q-value = 0.25148
Finding peaks on chromosome 9
Resolving conflicts...
Resolving conflicts...
Deletion peak at genes: MTAP
q-value = 1.5727e-103 & residual q-value = 1.0716e-100
Deletion peak at genes: ANKRD15
q-value = 4.1933e-13 & residual q-value = 0.00042211
Finding peaks on chromosome 10
Resolving conflicts...
Resolving conflicts...
Resolving conflicts...
Deletion peak at genes: PTEN
q-value = 1.4011e-09 & residual q-value = 4.5137e-05
Deletion peak at genes: C10orf88
q-value = 0.004236 & residual q-value = 0.061778
Deletion peak at genes: ACTA2
q-value = 5.0016e-07 & residual q-value = 0.056983
Finding peaks on chromosome 11
Deletion peak at genes: ADM
q-value = 0.12035 & residual q-value = 0.11788
Finding peaks on chromosome 12
Finding peaks on chromosome 13
Resolving conflicts...
Deletion peak at genes: P2RY5
q-value = 3.4216e-10 & residual q-value = 3.4216e-10
Finding peaks on chromosome 14
Resolving conflicts...
Deletion peak at genes: AHSA1
q-value = 0.0022923 & residual q-value = 0.0021807
Finding peaks on chromosome 15
Resolving conflicts...
Deletion peak at genes: ARPP-19
q-value = 0.12655 & residual q-value = 0.12346
Finding peaks on chromosome 16
Finding peaks on chromosome 17
Finding peaks on chromosome 18
Finding peaks on chromosome 19
Deletion peak at genes: ATPBD3
q-value = 0.036139 & residual q-value = 0.036139
Finding peaks on chromosome 20
Finding peaks on chromosome 21
Finding peaks on chromosome 22
Resolving conflicts...
Deletion peak at genes: FLJ46257
q-value = 0.016705 & residual q-value = 0.016705
Performing permutation 1 of 25
Performing permutation 2 of 25
Performing permutation 3 of 25
Performing permutation 4 of 25
Performing permutation 5 of 25
Performing permutation 6 of 25
Performing permutation 7 of 25
Performing permutation 8 of 25
Performing permutation 9 of 25
Performing permutation 10 of 25
Performing permutation 11 of 25
Performing permutation 12 of 25
Performing permutation 13 of 25
Performing permutation 14 of 25
Performing permutation 15 of 25
Performing permutation 16 of 25
Performing permutation 17 of 25
Performing permutation 18 of 25
Performing permutation 19 of 25
Performing permutation 20 of 25
Performing permutation 21 of 25
Performing permutation 22 of 25
Performing permutation 23 of 25
Performing permutation 24 of 25
Performing permutation 25 of 25
Performing permutation 1 of 25
Performing permutation 2 of 25
Performing permutation 3 of 25
Performing permutation 4 of 25
Performing permutation 5 of 25
Performing permutation 6 of 25
Performing permutation 7 of 25
Performing permutation 8 of 25
Performing permutation 9 of 25
Performing permutation 10 of 25
Performing permutation 11 of 25
Performing permutation 12 of 25
Performing permutation 13 of 25
Performing permutation 14 of 25
Performing permutation 15 of 25
Performing permutation 16 of 25
Performing permutation 17 of 25
Performing permutation 18 of 25
Performing permutation 19 of 25
Performing permutation 20 of 25
Performing permutation 21 of 25
Performing permutation 22 of 25
Performing permutation 23 of 25
Performing permutation 24 of 25
Performing permutation 25 of 25
     1

     2

Amplification wide peak at chr1:201512198-201894644(6761:6769)
Amplification wide peak at chr4:54603038-55203561(26104:26116)
Amplification wide peak at chr6:42664816-43203015(41173:41179)
Amplification wide peak at chr7:54709752-54776849(49321:49327)
Amplification wide peak at chr7:54382666-54443928(49293:49296)
Amplification wide peak at chr7:54300146-54362883(49282:49285)
Amplification wide peak at chr7:115842621-116895489(51368:51422)
Amplification wide peak at chr7:45690350-45907711(48896:48903)
Amplification wide peak at chr12:67370393-67626636(75148:75155)
Amplification wide peak at chr12:56351715-57002855(74638:74654)
Amplification wide peak at chr12:25105913-25537419(73607:73632)
Amplification wide peak at chr12:65152026-65279429(74987:74989)
Amplification wide peak at chr12:9178068-9820946(72965:72972)
Amplification wide peak at chr17:64464851-64698460(92147:92159)
Deletion wide peak at chr1:3736878-6089833(24:85)
Deletion wide peak at chr2:232572072-243000317(17304:17419)
Deletion wide peak at chr3:191740454-193632133(24123:24191)
Deletion wide peak at chr4:106644276-190702171(28442:31851)
Deletion wide peak at chr6:110891818-169913797(44166:46759)
Deletion wide peak at chr8:539908-35421199(52861:54258)
Deletion wide peak at chr9:21525576-21948524(59843:59869)
Deletion wide peak at chr9:378502-2695970(58706:58839)
Deletion wide peak at chr10:89183953-89692915(66291:66319)
Deletion wide peak at chr10:112529930-133875969(67327:68080)
Deletion wide peak at chr10:90109336-90381414(66344:66377)
Deletion wide peak at chr11:1353150-12268526(68081:68358)
Deletion wide peak at chr13:46717753-46808486(79110:79112)
Deletion wide peak at chr14:55104426-86355943(84007:85443)
Deletion wide peak at chr15:25446540-57105522(86016:87469)
Deletion wide peak at chr19:47085126-63458980(96144:96315)
Deletion wide peak at chr22:39284907-48863057(100395:100561)
Writing all_lesions file to: ./segmentationfile_Valid_Cap_Val_Inf.all_lesions.conf_75.txt
Adding gene annotations
Writing output gene table files
        1000

        2000

        3000

        4000

        5000

        6000

        7000

        8000

        9000

       10000

       11000

       12000

       13000

       14000

       15000

       16000

       17000

        1000

        2000

        3000

        4000

        5000

        6000

        7000

        8000

        9000

       10000

       11000

       12000

       13000

       14000

       15000

       16000

       17000

        1000

        2000

        3000

        4000

        5000

        6000

        7000

        8000

        9000

       10000

       11000

       12000

       13000

       14000

       15000

       16000

       17000

   100

   200

   300

   400

   500

   600

   700

   800

   900

        1000

        1100

        1200

        1300

        1400

        1500

        1600

        1700

        1800

        1900

        2000

        2100

        2200

        2300

        2400

        2500

        2600

        2700

        2800

        2900

        3000

        3100

        3200

        3300

        3400

        3500

        3600

        3700

        3800

        3900

        4000

        4100

        4200

        4300

        4400

        4500

        4600

        4700

        4800

        4900

        5000

        5100

        5200

        5300

        5400

        5500

        5600

        5700

        5800

        5900

        6000

        6100

        6200

        6300

        6400

        6500

        6600

        6700

        6800

        6900

        7000

        7100

        7200

        7300

        7400

        7500

        7600

        7700

        7800

        7900

        8000

        8100

        8200

        8300

        8400

        8500

        8600

        8700

        8800

        8900

        9000

        9100

        9200

        9300

        9400

        9500

        9600

        9700

        9800

        9900

       10000

       10100

       10200

       10300

       10400

       10500

       10600

       10700

       10800

       10900

       11000

       11100

       11200

       11300

       11400

       11500

       11600

       11700

       11800

       11900

       12000

       12100

       12200

       12300

       12400

       12500

       12600

       12700

       12800

       12900

       13000

       13100

       13200

       13300

       13400

       13500

       13600

       13700

       13800

       13900

       14000

       14100

       14200

       14300

       14400

       14500

       14600

       14700

       14800

       14900

       15000

       15100

       15200

       15300

       15400

       15500

       15600

       15700

       15800

       15900

       16000

       16100

       16200

       16300

       16400

       16500

       16600

       16700

       16800

       16900

       17000

       17100

       17200

       17300

       17400

