cytoband	9p21.3	13q14.2	1p36.31	14q24.3	10q23.31	9p24.3	6q24.3	10q26.13	22q13.31	19q13.41	10q23.31	4q35.2	11p15.4	15q21.3	3q28	8p23.1	2q37.1	12p13.2	17q11.2	
q value	7.044e-96	2.7848e-10	1.5329e-07	0.00034563	1.5226e-09	4.5648e-11	0.0014238	0.00020817	0.018366	0.018818	2.4502e-08	0.064681	0.078959	0.085	0.18337	0.18337	0.19447	0.21706	0.21243	
residual q value	1.0541e-93	2.7848e-10	1.5329e-07	0.00032556	0.00062968	0.00070555	0.001346	0.015921	0.018106	0.019807	0.039807	0.064681	0.081476	0.082559	0.18337	0.18337	0.19447	0.21243	0.21243	
wide peak boundaries	chr9:21456646-21971582	chr13:46717642-46868174	chr1:3596480-6442113	chr14:55083539-86424597	chr10:89104579-89705918	chr9:1-2752720	chr6:110808397-170914576	chr10:112438743-135037215	chr22:39207428-49396972	chr19:47046785-63811651	chr10:90098989-90416488	chr4:106617037-191731959	chr11:1-12290873	chr15:25370493-57116954	chr3:191668437-194295640	chr8:1-35461636	chr2:232571445-243615958	chr12:10053264-16633653	chr17:31385196-34290009	
genes in wide peak	CDKN2A	P2RY5	ZBTB48	ACTN1	PTEN	DMRT1	ACAT2	ACADSB	ACR	A1BG	ACTA2	AGA	ADM	ACTC1	FGF12	NAT1	AGXT	ARHGDIB	ACCN1	
	MTAP		RPL22	ACYP1	ATAD1	FOXD4	AMD1	ADAM8	ACO2	AP2A1	STAMBPL1	ANK2	AP2A2	ADAM10	C3orf59	NAT2	ALPI	ART4	AP2B1	
	IFNE1		KCNAB2	ARG2		SMARCA2	ARG1	ADRA2A	ARSA	APOC1	ANKRD22	SLC25A4	AMPD3	APBA2	CCDC50	ADRA1A	ALPP	CDKN1B	LIG3	
			TNFRSF25	ZFP36L1		VLDLR	CCR6	ADRB1	BIK	APOC2		ANXA5	APBB1	AQP9	UTS2D	ANGPT2	ALPPL2	CREBL2	PEX12	
			KLHL21	ENTPD5		DMRT2	COL10A1	BNIP3	TSPO	APOC4		CAMK2D	RHOG	B2M	OSTN	ASAH1	KIF1A	EMP1	RAD51L3	
			ACOT7	DIO2		ANKRD15	CTGF	CASP7	MPPED1	APOE		CASP3	ART1	BUB1B		ATP6V1B2	BOK	EPS8	CCL1	
			ICMT	DLST		CBWD1	EPB41L2	CTBP2	CHKB	KLK3		CASP6	ASCL2	CAPN3		BLK	CHRND	ETV6	CCL2	
			CHD5	EIF2S1		DMRT3	EYA4	CYP2E1	CPT1B	ATP1A3		CCNA2	CARS	CHRM5		BMP1	CHRNG	GPR19	CCL7	
			HES2	ERH		DOCK8	ESR1	DOCK1	CYP2D6	BAX		LRBA	CCKBR	CHRNA7		POLR3D	COL6A3	GRIN2B	CCL8	
			AJAP1	ESR2		C9orf66	FABP7	ECHS1	CYB5R3	BCAT2		CLGN	CD81	CKMT1B		BNIP3L	DTYMK	GUCY2C	CCL11	
			PLEKHG5	ESRRB		KCNV2	FRK	EMX2	ECGF1	BCL3		CLCN3	CD151	CYP19A1		CHRNA2	GBX2	KLRC1	CCL13	
			NOL9	FNTB			FUCA2	FGFR2	EP300	CEACAM1		CPE	CDKN1C	DUT		CLU	GPC1	KLRC2	CCT6B	
			TAS1R1	FOS			FYN	GFRA1	FBLN1	C5AR1		CTSO	TPP1	EPB42		CTSB	GPR35	KLRC3	TMEM98	
			ESPN	FUT8			GJA1	PRLHR	XRCC6	CA11		DCTD	CNGA4	FBN1		DEFA1	HDLBP	KLRD1	NLE1	
			THAP3	GPX2			GPR31	GPR26	MCHR1	CALM3		EDNRA	CTSD	FGF7		DEFA3	INPP5D	LRP6	FNDC8	
			PHF13	GSTZ1			GRM1	GRK5	NAGA	CD33		EGF	DRD4	GABPB2		DEFA4	KCNJ13	MGP	SLFN12	
			C1orf188	GTF2A1			HDAC2	HABP2	NDUFA6	SIGLEC6		ELF2	DUSP8	GALK2		DEFA5	NDUFA10	MGST1	MMP28	
			NPHP4	HIF1A			HIVEP2	HMX2	NHP2L1	CD37		ENPEP	EIF4G2	GANC		DEFA6	SEPT2	OLR1	CCDC16	
			GPR153	HSPA2			HSF2	INPP5A	PMM1	CD79A		ETFDH	HBB	GATM		DEFB1	NEU2	PDE6H	SLFN11	
			RNF207	LTBP2			IFNGR1	ABLIM1	PPARA	CGB		F11	HBD	GCHFR		DEFB4	NPPC	PRB1	RASL10B	
			HES3	MAX			IGF2R	MGMT	MAPK11	CEACAM8		FABP2	HBE1	PDIA3		DPYSL2	PDE6D	PRB3	RFFL	
				MAP3K9			KIF25	MKI67	RANGAP1	CKM		ACSL1	HBG1	HDC		DUSP4	PPP1R7	PRB4	TMEM132E	
				ALDH6A1			KPNA5	NRAP	MAPK12	AP2S1		FAT	HBG2	ONECUT1		EGR3	PTMA	PRH1	SPACA3	
				MNAT1			LAMA2	OAT	SBF1	CLPTM1		FGA	HPX	ITPKA		EPB49	SAG	PRH2	C17orf50	
				MTHFD1			LAMA4	PNLIP	SREBF2	CRX		FGB	HRAS	IVD		EPHX2	SPP2	PTPRO	SLFN13	
				SIX6			LPA	PNLIPRP1	ST13	DBP		FGF2	IGF2	LIPC		CLN8	DGKD	KLRC4	AMAC1	
				OTX2			MARCKS	PNLIPRP2	TCF20	DMPK		FGG	ILK	LTK		EXTL3	PER2	CSDA	UNC45B	
				PGF			MAN1A1	HTRA1	TEF	DMWD		FRG1	INS	MAP1A		PTK2B	LRRFIP1	GPRC5A	SLFN5	
				PIGH			MAS1	PTPRE	UPK3A	MEGF8		GAB1	IRF7	MEIS2		FDFT1	ECEL1	KLRA1	GAS2L2	
				PPM1A			MAP3K4	RGS10	CELSR1	EMP3		GLRB	KCNQ1	MFAP1		FGL1	EIF4E2	STRAP	FLJ44815	
				PPP2R5E			MAP3K5	SLC18A2	SAPS2	ERCC1		GPM6A	LMO1	TRPM1		GATA4	HDAC4	PRR4		
				PRKCH			MLLT4	TCF7L2	ZBED4	ERCC2		GRIA2	LSP1	MYO5A		GFRA2	FARP2	KLRK1		
				PSEN1			MYB	TECTB	RBX1	ERF		GUCY1A3	MUC2	NEDD4		GNRH1	ARL4C	GABARAPL1		
				PSMA3			NMBR	TIAL1	SCO2	ETFB		GUCY1B3	NAP1L4	OCA2		GSR	RAMP1	TAS2R9		
				ABCD4			OPRM1	UROS	PKDREJ	FCAR		GYPA	NUP98	PLCB2		GTF2E2	NMUR1	TAS2R8		
				RAD51L1			PARK2	ADAM12	SLC25A17	FCGRT		GYPB	SLC22A18	MAPK6		NRG1	STK25	TAS2R7		
				ARID4A			PCMT1	UTF1	NUP50	FLT3LG		GYPE	SLC22A18AS	RAB27A		LOXL2	COPS8	TAS2R13		
				RTN1			PDCD2	EIF3S10	TOB2	FOSB		HADH	POLR2L	RAD51		LPL	CAPN10	TAS2R10		
				SEL1L			ENPP1	BUB3	RABL2B	FPR1		HMGB2	PSMD13	RYR3		MSR1	PASK	TAS2R14		
				SFRS5			ENPP3	BAG3	PACSIN2	FPRL1		HPGD	RNH1	SCG5		MSRA	ATG4B	HEBP1		
				SIX1			PEX7	FAM53B	DIP	FPRL2		CFI	MRPL23	SLC12A1		NEFM	SH3BP4	DERA		
				SLC8A3			PLAGL1	DCLRE1A	TTLL12	FTL		IL2	RPL27A	SORD		NEFL	NGEF	DDX47		
				SLC10A1			PLG	TXNL2	MLC1	FUT1		IL15	RPLP2	SPINT1		NKX3-1	TNRC15	CLEC1A		
				SNAPC1			PLN	DPYSL4	ZC3H7B	FUT2		ING2	RRM1	SRP14		PCM1	TRAF3IP1	WBP11		
				SPTB			PKIB	TACC2	C22orf9	GIPR		IRF2	SCT	TCF12		PDGFRL	TMEM16G	MANSC1		
				TGFB3			PSMB1	TUBGCP2	MAPK8IP2	GPR4		KLKB1	SMPD1	THBS1		PNOC	PRLH	FLJ10292		
				TSHR			PTPRK	PRDX3	BRD1	GPR32		MAD2L1	TRIM21	TJP1		PPP2CB	THAP4	STYK1		
				ZBTB25			REV3L	VAX1	ARHGAP8	GRIK5		SMAD1	ST5	TP53BP1		PPP2R2A	ANKMY1	GPRC5D		
				DPF3			ROS1	ATE1	TBC1D22A	GRIN2D		MGST2	STIM1	TYRO3		PPP3CC	SCLY	ATF7IP		
				NUMB			RPS6KA2	SEC23IP	TTLL1	GRLF1		NR3C2	TAF10	SLC30A4		SFTPC	ASB1	H2AFJ		
				ADAM21			RPS12	RAB11FIP2	SAMM50	GSK3A		MTNR1A	TALDO1	EIF3S1		SLC7A2	UGT1A10	KIAA1467		
				ADAM20			SGK	INPP5F	ATXN10	GYS1		NDUFC1	TH	PLA2G4B		SLC18A1	UGT1A8	CLEC7A		
				WDR22			SLC22A1	DUX4	FAM19A5	HAS1		NEK1	TSPAN4	SNAP23		STC1	UGT1A7	BCL2L14		
				ALKBH1			SLC22A3	KIAA0157	SULT4A1	FOXA3		NPY1R	TNNI2	ALDH1A2		WRN	UGT1A6	FLJ22662		
				EIF2B2			SLC22A2	ATRNL1	RIBC2	HRC		NPY2R	TNNT3	HERC2		FZD3	UGT1A5	DUSP16		
				PNMA1			SOD2	C10orf137	ARFGAP3	PRMT1		NPY5R	PHLDA2	USP8		TUSC3	UGT1A9	APOLD1		
				NRXN3			T	VENTX	SMC1B	IL11		PET112L	TUB	SLC28A2		UBXD6	UGT1A4	GSG1		
				AKAP5			TBP	CUZD1	CSDC2	IRF3		PITX2	WEE1	CCPG1		TNKS	UGT1A1	RERG		
				SPTLC2			TCF21	DRD1IP	CGI-96	KCNA7		PLRG1	ZNF143	COPS2		ADAM7	UGT1A3	LOH12CR1		
				RGS6			TCP1	GALNAC4S-6ST	MCAT	KCNC3		EXOSC9	ZNF195	TGM5		TNFRSF10D	ATG16L1	C12orf59		
				KIAA0247			TCP10	ACSL5	D15Wsu75e	KCNJ14		POU4F2	ZNF214	PIGB		TNFRSF10C	USP40	HIST4H4		
				KIAA0586			TCTE3	ZRANB1	PARVB	KCNN4		PPID	ZNF215	HISPPD2A		TNFRSF10B	DKFZp762E1312	C12orf46		
				KIAA0317			DYNLT1	C10orf92	NCAPH2	KIR2DL1		ABCE1	RASSF7	AQR		TNFRSF10A	HES6	C12orf60		
				MED6			THBS2	NSMCE4A	GTSE1	KIR2DL3		RPL34	PPFIBP2	KIAA0256		FGF17	CXCR7	TAS2R43		
				GPHN			TNFAIP3	C10orf118	A4GALT	KIR2DL4		RPS3A	IFITM1	ARHGAP11A		DOK2	RNPEPL1	TAS2R44		
				VTI1B			TPD52L1	BRWD2	MOV10L1	KIR2DS4		SC4MOL	OR6A2	LCMT2		MTMR7	GAL3ST2	TAS2R46		
				BATF			TSPYL1	DHX32	FAM118A	KIR3DL1		SFRP2	DCHS1	SLC12A6		MYOM2	RAB17	TAS2R48		
				NPC2			UTRN	PPP2R2D	FLJ20699	KIR3DL2		TDO2	EIF3S5	BCL2L10		DLGAP2	COPS7B	TAS2R49		
				AHSA1			VIL2	FAM45B	C22orf26	KLK1		TLL1	BRSK2	RASGRP1		MFHAS1	TRPM8	TAS2R50		
				EXOC5			VIP	TDRD1	MIOX	KLK2		TLR2	MICAL2	SERF2		ENTPD4	MLPH	CLEC9A		
				ACOT2			EPM2A	BCCIP	PRR5	LAIR1		TLR3	CTR9	GNB5		ARHGEF10	IQCA	C12orf36		
				TMED10			STX7	GPAM	TRMU	LAIR2		TRPC3	TSPAN32	ARPP-19		PHYHIP	FLJ22671	TAS2R42		
				C14orf1			PEX3	KIAA1598	SEPT3	LHB		UCP1	TSSC4	SLC27A2		KBTBD11	EFHD1	CLEC12B		
				VASH1			RNASET2	KIAA1600	PANX2	LIG1		UGT8	MRVI1	GPR176		SORBS3	ILKAP	LOC440087		
				ZBTB1			STX11	PLEKHA1	XPNPEP3	LIM2		VEGFC	TRIM22	CHP		NPM2	ING5	PRB2		
				SNW1			WISP3	C10orf84	PARVG	LIPE		GLRA3	IFITM3	OIP5		DLC1	CENTG2			
				PCNX			SYNJ2	LHPP	CERK	BCAM		SMARCA5	DEAF1	BAHD1		SPAG11	TWIST2			
				DAAM1			VNN2	IKZF5	FLJ23588	MYBPC2		SORBS2	IPO7	MTMR15		DCTN6	MGC42174			
				TTLL5			VNN1	ZDHHC6	CENPM	NDUFA3		PRSS12	IFITM2	CEP152		PNMA2	NEU4			
				SYNE2			TAAR5	C10orf119	ALG12	NKG7		PDE5A	TRIM3	MAPKBP1		ADAM28	MTERFD2			
				ANGEL1			MAP7	C10orf81	CRELD2	CNOT3		SAP30	XLKD1	GOLGA8A		RBPMS	UBE2F			
				ZFYVE26			LATS1	C10orf88	FLJ23584	NOVA2		INPP4B	PKP3	RTF1		LZTS1	OTOS			
				FLRT2			TAAR2	LRRC27	CCDC134	NPAS1		PAPSS1	SWAP70	DMXL2		XPO7	MYEOV2			
				PLEKHG3			CRSP3	GPR123	ADM2	NTF5		LRAT	RAB6IP1	VPS39		TRIM35	OR6B3			
				SIPA1L1			QKI	NKX6-2	SCUBE1	NUCB1		SCYE1	KIAA0409	AP4E1		RHOBTB2	C2orf52			
				WDR21A			AKAP7	KIAA1914	TRABD	PAFAH1B3		NDST3	SIRT3	CCNDBP1		KIF13B	MGC35154			
				PLEK2			TBPL1	KNDC1	PNPLA3	PEG3		HAND2	OR52A1	EID1		PSD3	TIGD1			
				TIMM9			WTAP	MTG1	SELO	PLAUR		MFAP3L	ARFIP2	HYPK		LEPROTL1	LOC285193			
				MLH3			AKAP12	FANK1	L3MBTL2	POLD1		SEC24D	OR10A3	TMEM87A		SLC39A14	ESPNL			
				KCNH5			KIAA0408	SYCE1	HDAC10	POU2F2		SPRY1	FXC1	RPAP1		FBXO25	AQP12A			
				POMT2			PHACTR2	PRAP1	LDOC1L	PPP2R1A		ANAPC10	DKK3	PYGO1		FGF20	FLJ43374			
				COQ6			BCLAF1	ZNF511	POLDIP3	PPP5C		PGRMC2	HNRNPG-T	PLDN		ADAMDEC1	UNQ830			
				C14orf111			UST	C10orf90	PHF5A	PRKCG		SEC24B	FRAG1	GREM1		CNOT7	OR6B2			
				RDH11			TRDN	BTBD16	TUBGCP6	PRRG2		MAB21L2	TRPM5	RPUSD2		PURG	C2orf19			
				C14orf112			CITED2	FAM24A	TMEM153	KLK7		RRH	UBQLN3	76P		ZDHHC2	ASB18			
				DACT1			TRAF3IP2	C10orf89	C22orf32	KLK6		PLK4	RNF141	SCG3		SLC25A37	FLJ43879			
				ATP6V1D			HBS1L	MMP21	SERHL	KLK10		MORF4	IGF2AS	TMOD3		SCARA3	FLJ45964			
				C14orf100			PDE10A	PDZD8	PHF21B	PSG1		ADAM29	BET1L	TMOD2		TMEM66	HCG3			
				DHRS7			SMPDL3A	CLRN3	KLHDC7B	PSG2		PRDM5	CEND1	EHD4		KCTD9	D2HGDH			
				SIX4			RAB32	PNLIPRP3	TNFRSF13C	PSG3		LSM6	CYB5R2	DUOX2		PINX1				
				ZFYVE1			KATNA1	SFXN4	DNAJB7	PSG4		NUDT6	TRIM34	MYEF2		PIWIL2				
				C14orf105			FGFR1OP	CPXM2	MEI1	PSG5		ANXA10	MUCDHL	NDUFAF1		ELP3				
				EXDL2			RBM16	TRUB1	FAM109B	PSG6		KLHL2	TOLLIP	C15orf15		INTS10				
				C14orf115			CDC2L6	VTI1A	NFAM1	PSG7		SCRG1	USP47	NUSAP1		CCDC25				
				SYNJ2BP			MAP3K7IP2	C10orf82	PNPLA5	PSG9		HSPA4L	TRIM68	TMEM85		AGPAT5				
				SLC39A9			TSPYL4	C10orf46	LOC150383	PSG11		DUX4	LRDD	SPTBN5		RC74				
				C14orf58			SASH1	C10orf91	WBP2NL	PTGIR		PALLD	KCNQ1DN	CTDSPL2		ChGn				
				C14orf118			SYNE1	PWWP2	POLR3H	PTPRH		TBC1D9	MMP26	KLF13		HR				
				C14orf108			HEY2	PPAPDC1A	SERHL2	PVR		KIAA0922	C11orf17	DUOX1		PBK				
				ACTR10			HEBP2	PAOX	MGC70863	PVRL2		TRIM2	C11orf16	DLL4		ZNF395				
				C14orf162			ASF1A	FAM24B	C22orf34	RELB		ANP32C	TMEM9B	INOC1		DEFB103A				
				ADCK1			CCDC28A	EBF3	LOC388910	RPL18		SLC7A11	NRIP3	FAM63B		BIN3				
				TMEM63C			MTHFD1L	C10orf93	LOC388915	RPL28		CCRN4L	ASCL3	RNF111		TEX15				
				RHOJ			MOXD1	TCERG1L	LOC389286	RPS5		DKFZP564J102	CHRNA10	SUHW4		MTUS1				
				GALNTL1			PIP3-E	HSPA12A	FLJ27365	RPS9		FBXO8	PNPLA2	TRPM7		KIAA1456				
				PLEKHH1			TIAM2	C10orf125	FLJ46257	RPS11		PPA2	KIAA1542	PPP1R14D		KIAA1967				
				TRMT5			FBXO5	C10orf39	FLJ44385	RPS19		DKK2	SCUBE2	MTMR10		SH2D4A				
				ZNF410			RGS17	STK32C	FLJ41993	RRAS		INTU	ZBED5	ZNF770		PDLIM2				
				NGB			PDE7B	KCNK18	LOC440836	RTN2		ARFIP1	SIGIRR	CEP27		CSMD1				
				RBM25			DLL1	VWA2	LOC553158	CLEC11A		PDLIM3	RIC8A	FAM82C		EBF2				
				C14orf133			MRPL18	NANOS1		SEPW1		ZNF330	MRPL17	DNAJC17		RAI16				
				SMOC1			SART2	NHLRC2		SLC1A5		SPOCK3	EPS8L2	MNS1		MTMR9				
				C14orf4			CLDN20	C10orf96		SLC8A2		AADAT	STK33	NOLA3		DUSP26				
				MPP5			NOX3	C10orf120		SNRP70		LEF1	CHID1	MYO5C		HMBOX1				
				C14orf135			HDDC2	LOC399818		SNRPD2		C4orf18	OR51G1	NDNL2		MCPH1				
				GPR135			TFB1M	FLJ46831		SPIB		LARP7	OR51B4	KIAA1370		PPP1R3B				
				C14orf140			TUBE1	FLJ46300		AURKC		MYOZ2	OR51B2	C15orf24		RNF122				
				C14orf169			RWDD1	FLJ44653		SULT2B1		ACCN5	OR52N1	PAK6		NUDT18				
				C14orf45			AIG1	C10orf85		SULT2A1		GALNT7	RIC3	DTWD1		DOCK5				
				SGPP1			SNX9	FAM45A		SYT5		NOLA1	SLC25A22	CASC5		C8orf41				
				C14orf156			C6orf55	SPRN		TNNI3		USP53	ATHL1	AVEN		REEP4				
				DNAL1			BRP44L	NPS		TNNT1		OTUD4	OR51G2	CX36		STMN4				
				RPS6KL1			HECA	FLJ45557		TULP2		DCHS2	OR51E2	VPS18		SOX7				
				SYT16			IL20RA			NR1H2		FLJ20184	PTDSS2	SQRDL		C8orf13				
				STON2			UNC93A			VASP		C4orf27	HCCA2	ZFP106		AMAC1L2				
				KIAA1737			MTRF1L			XRCC1		CCDC109B	SBF2	RFXDC2		RBM13				
				PAPLN			AHI1			ZNF8		MARCH1	C11orf56	SPATA5L1		FUT10				
				CHURC1			RMND1			ZNF17		LARP2	TRIM5	CHAC1		FAM86B1				
				C14orf43			PHF10			ZNF28		BBS7	SYT8	C15orf29		THEX1				
				LIN52			VNN3			MZF1		NEIL3	PRKCDBP	SLTM		LONRF1				
				NEK9			C6orf70			ZNF45		FBXW7	ODF3	ATP8B4		CHMP7				
				C14orf179			ECHDC1			ZNF221		TMEM144	OSBPL5	WDR76		RP1L1				
				WDR89			AGPAT4			ZNF222		FLJ11184	LRRC56	TMEM62		CLDN23				
				C14orf149			TULP4			ZNF132		C4orf20	MRGPRE	SEMA6D		VPS37A				
				NAT12			GOPC			ZNF134		C4orf21	ART5	KIAA1840		SGCZ				
				GPHB5			GPR126			ZNF135		C4orf16	TRIM6	ELL3		DEFB104A				
				C14orf148			KIAA1244			ZNF137		MAML3	OR52E2	GRINL1A		PEBP4				
				JDP2			PLEKHG1			ZNF155		FLJ20035	OR52J3	C15orf48		CDCA2				
				HBLD1			ARID1B			ZNF175		CDKN2AIP	OR51L1	C15orf41		ESCO2				
				ACOT4			SERINC1			ZNF180		TMEM34	OR51A7	SPPL2A		FBXO16				
				RDH12			ZBTB2			ZNF223		LRP2BP	OR51S1	ZFYVE19		C8orf42				
				C14orf50			PBOV1			ZNF224		PDGFC	OR51F2	CGNL1		ERICH1				
				SLC38A6			TRMT11			ZNF225		TUBB4Q	OR52R1	FRMD5		ZNF596				
				C14orf37			PERP			ZNF226		FSTL5	OR52M1	DISP2		UNQ9391				
				ZADH1			SMOC2			ZNF227		STOX2	OR52K2	CHRFAM7A		C8orf74				
				C14orf44			ALDH8A1			ZNF228		INTS12	OR5P2	FAM7A2		LGI3				
				C14orf166B			ULBP3			ZNF229		ANKRD50	OR5P3	ATPBD4		DEFB105A				
				THSD3			OR2A4			ZNF230		RNF150	OR2D3	CCDC32		DEFB106A				
				C14orf145			C6orf211			SYMPK		PCDH10	OR2D2	C15orf23		DEFB107A				
				C14orf54			C6orf60			TEAD2		SH3RF1	OR52W1	BMF		DEFB130				
				C14orf83			ZDHHC14			PPFIA3		KIAA1627	OR56A4	SHF		NEIL2				
				TMEM30B			FRMD1			PLA2G4C		DC2	OR56A1	DUOXA1		C8orf79				
				C14orf174			C6orf208			NAPA		IL21	SYT9	D4ST1		XKR6				
				ZDHHC22			C6orf97			SIGLEC5		RXFP1	OR52B4	CASC4		EFHA2				
				TMED8			MYCT1			PGLYRP1		SPCS3	C11orf40	TGM7		SCARA5				
				C14orf178			ULBP2			UBE2M		SCOC	OR52I2	CATSPER2		LOC349196				
				C14orf39			ULBP1			ARHGEF1		FLJ12716	OR51E1	LEO1		DUB3				
				CHX10			LPAL2			PSCD2		NEUROG2	UBQLNL	TRIM69		LOC389607				
				RAB15			PPP1R14C			ZNF235		HHIP	OR10A5	C15orf43		XKR5				
				UNQ9438			RNF146			ZNF264		NDST4	OR2AG1	Gcom1		C8orf15				
				HEATR4			SF3B5			NCR1		AGXT2L1	DNHD1	TMCO5		LOC440053				
				FLJ39779			TAAR8			NAPSA		ELOVL6	SCGB1C1	ZNF690		OR4F21				
				MGC88374			RSHL2			KLK4		C4orf31	C11orf42	TTBK2		DEFB107B				
				ACOT1			TTLL2			ZNF432		FAT4	NLRP6	CDAN1		DEFB104B				
				ACOT6			FBXO30			DHX34		ARSJ	OR56B4	STRC		DEFB106B				
				FLJ43390			BXDC1			SAE1		ARHGAP10	OR52B2	DYX1C1		DEFB105B				
							L3MBTL3			TRIM28		MLF1IP	C11orf35	OTUD7A		C8orf58				
							FAM120B			ZNF256		GSTCD	OR51F1	SPRED1		C8orf49				
							FNDC1			LILRB2		MAP9	OR51B5	PGBD4		DEFB136				
							RSPO3			TOMM40		TNIP3	OR51V1	ADAL		DEFB137				
							LRP11			ZNF211		PHF17	EFCAB4A	EXDL1		DEFB134				
							LTV1			RABAC1		WWC2	TMEM80	FSIP1		C8orf61				
							SERAC1			ZNF234		NARG1	C11orf47	RHOV		DEFB109				
							REPS1			ZNF274		C4orf29	OR10A4	C15orf33		PJCG6				
							PPIL4			ZNF460		ALPK1	OLFML1	UBR1						
							KIAA1919			PPP1R13L		KIAA1712	C11orf36	AGPAT7						
							ARHGAP18			CD3EAP		SETD7	NLRP10	PLA2G4F						
							SYTL3			RUVBL2		PLA2G12A	NLRP14	LRRC57						
							C6orf51			LILRB1		SLC25A31	TMEM16J	LYSMD2						
							FAM54A			KDELR1		RAB33B	B4GALNT4	NUT						
							SFT2D1			LILRB5		SNX25	OR52L1	WDR72						
							KIAA1913			SLC27A5		TTC29	OR2AG2	C15orf21						
							NUS1			LILRB4		MND1	OR52B6	SLC24A5						
							C6orf72			KLK11		SLC10A7	OR10A2	PRTG						
							IL22RA2			LILRA1		TKTL2	OVCH2	FAM98B						
							C6orf192			LILRB3		GPR103	PDDC1	PLA2G4D						
							SLC16A10			LILRA3		COL25A1	GALNTL4	GOLGA8G						
							TAGAP			LILRA2		USP38	KRTAP5-1	GLDN						
							DEADC1			SFRS16		OSAP	KRTAP5-3	USP50						
							C6orf213			KPTN		CBR4	KRTAP5-4	TEX9						
							TAAR9			KLK8		KIAA1727	IFITM5	FLJ43339						
							TAAR1			PNKP		LOC90826	OR56B1	TNFAIP8L3						
							STXBP5			U2AF2		LOC91431	OR52K1	SHC4						
							NCOA7			ATF5		LOC92345	OR52I1	FLJ35695						
							HINT3			SAPS1		TIFA	OR51D1	FLJ39531						
							PACRG			CARD8		MGC16169	OR52A4	DUOXA2						
							RAET1E			CIC		CYP2U1	OR52A5	LOC440248						
							CNKSR3			ETHE1		WDR17	OR51B6	GOLGA8B						
							RAET1L			RPL13A		SCLT1	OR51M1	EIF2AK4						
							SAMD3			SYNGR4		C4orf33	OR51Q1	FLJ32679						
							SLC2A12			LILRA4		TMEM155	OR51I1	CKMT1A						
							PNLDC1			ZIM2		Tenr	OR51I2	SERINC4						
							IBRDC1			CBLC		ZFP42	OR52D1	C15orf45						
							TCBA1			NUP62		C4orf32	OR52H1	FLJ38596						
							OLIG3			HSPBP1		SPATA4	OR52N4							
							TXLNB			PPP1R15A		TRAM1L1	OR52N5							
							DACT2			EML2		ENPP6	OR52N2							
							C6orf118			ZNF324		ASB5	OR52E6							
							LOC202459			KLK5		LOC152485	OR52E8							
							NT5DC1			PRKD2		SH3D19	OR52E4							
							C6orf78			ZNF473		FLJ30277	OR52E5							
							C6orf113			KLK13		FLJ31659	OR56A3							
							C6orf170			CCDC9		FLJ25371	OR10A6							
							HS3ST5			PRPF31		SPATA5	OR51T1							
							GPRC6A			IRF2BP1		BBS12	OR51A4							
							RFXDC1			FGF21		DCAMKL2	OR51A2							
							SLC35F1			ZNF285		TRIM60	KRTAP5-2							
							VGLL2			SIGLEC7		MMAA	KRTAP5-6							
							C6orf191			LYPD3		MGC27016	TMEM41B							
							WDR27			BBC3		MGC26963	TRIM6-TRIM34							
							C6orf188			DKKL1		SYNPO2	INS-IGF2							
							MCMDC1			SIGLEC9		LOC201725								
							SHPRH			SIGLEC8		TIGD4								
							LOC285735			GPR77		TMEM154								
							FLJ34503			CHMP2A		FLJ38482								
							DCBLD1			DHDH		RWDD4A								
							MGC35308			ZNF544		CCDC111								
							TAAR6			UBE2S		FLJ25801								
							SLC35D3			SLC6A16		ELMOD2								
							RSHL3			TFPT		NPNT								
							LFDH			STRN4		CCDC110								
							NUP43			CCDC106		MGC33302								
							C6orf58			EPN1		CYP4V2								
							RAET1G			GLTSCR2		RNF175								
							SUMO4			GLTSCR1		FLJ36180								
							C6orf173			EHD2		ESSPL								
							C6orf174			KLK14		FLJ44691								
							C6orf204			KLK12		ANKRD37								
							C6orf120			SHANK1		TRIM61								
							C6orf190			NOSIP		HELT								
							LOC389432			ZNF580		LOC401152								
							IYD			HSD17B14		LOC441046								
							FLJ44955			GP6		GALNT17								
							TCP10L2			VRK3		FRG2								
							LOC401286			ZNF581		DUX4C								
							C6orf122			PTOV1										
							GTF2H5			PPP1R12C										
							LOC441168			TRPM4										
							LOC441177			ZNF586										
							LOC442247			QPCTL										
							LOC619208			FAM83E										
										EPS8L1										
										RASIP1										
										TMEM160										
										NOP17										
										FLJ10490										
										FLJ10781										
										TMEM143										
										ZNF444										
										ZNF331										
										KLK15										
										NLRP2										
										ZNF416										
										ZNF446										
										ZNF701										
										ZNF83										
										ZNF415										
										FLJ12886										
										IRGC										
										CABP5										
										SPHK2										
										MEIS3										
										CEACAM19										
										SLC17A7										
										NAT14										
										CD177										
										VN1R1										
										RCN3										
										ZNF304										
										TTYH1										
										ZNF471										
										USP29										
										PLEKHA4										
										MARK4										
										ZNF71										
										SR-A1										
										CACNG8										
										CACNG7										
										CACNG6										
										ZNF350										
										TSKS										
										ZNF667										
										ELSPBP1										
										LIN7B										
										HIF3A										
										ZNF574										
										ZNF649										
										ZNF447										
										MGC2752										
										TSEN34										
										TRAPPC6A										
										LENG4										
										FKRP										
										ZSCAN5										
										LENG1										
										LILRA6										
										ZNF576										
										ZNF329										
										TBC1D17										
										ZNF419										
										GEMIN7										
										ISOC2										
										MYH14										
										ZNF665										
										ZNF552										
										ZNF671										
										ZNF613										
										ZNF702										
										ZNF606										
										ZNF614										
										FUZ										
										OPA3										
										RSHL1										
										ZNF611										
										MED25										
										BCL2L12										
										TEX101										
										GRWD1										
										CCDC8										
										SYT3										
										AKT1S1										
										ZNF528										
										BRSK1										
										CNFN										
										ZNF347										
										ZNF577										
										SUV420H2										
										C19orf48										
										ZBTB45										
										ZNF587										
										FIZ1										
										GALP										
										SIGLEC10										
										SIGLEC12										
										ZNF628										
										KIR3DX1										
										C19orf49										
										ZNF551										
										ZNF616										
										ZNF766										
										XTP7										
										ZNF468										
										ZNF160										
										ATPBD3										
										BC37295_3										
										ZNF765										
										NLRP12										
										MYADM										
										CCDC114										
										ACPT										
										CGB5										
										CGB7										
										LENG9										
										CGB8										
										GNG8										
										BIRC8										
										LOC112703										
										RDH13										
										TIP39										
										LOC113386										
										ZIM3										
										SIGLEC11										
										CGB1										
										CGB2										
										LENG8										
										KIR3DL3										
										ZNF526										
										CLDND2										
										LOC125893										
										ZNF543										
										COX6B2										
										OSCAR										
										FLJ16542										
										JOSD2										
										C19orf41										
										CPT1C										
										ALDH16A1										
										LOC126147										
										NLRP13										
										NLRP8										
										NLRP5										
										ZNF787										
										IRGQ										
										ZNF428										
										ZFP28										
										LOC147650										
										ZNF480										
										C19orf18										
										ZNF418										
										ZNF417										
										ZNF548										
										KLC3										
										MDAC1										
										TMC4										
										ZNF524										
										ZNF784										
										FLJ32658										
										DACT3										
										SIX5										
										IGFL2										
										NLRP4										
										ZNF582										
										ZNF583										
										CDC42EP5										
										ZNF610										
										ZNF600										
										ZNF320										
										ZNF497										
										ZNF550										
										ZNF342										
										DEDD2										
										ZNF579										
										ZNF114										
										SPACA4										
										NLRP7										
										IGSF4C										
										ZNF584										
										ZSCAN4										
										NLRP11										
										TMEM86B										
										ZNF549										
										IL4I1										
										LOC284296										
										FLJ35258										
										ZNF547										
										ZIK1										
										ZNF776										
										ZSCAN1										
										MGC70924										
										TMEM145										
										UNQ473										
										PHLDB3										
										ZNF575										
										LYPD5										
										NKPD1										
										TPRX1										
										FLJ36070										
										IZUMO1										
										LOC284361										
										KLK9										
										FLJ40235										
										ZNF615										
										VSTM1										
										VN1R2										
										VN1R4										
										NLRP9										
										LOC339344										
										NANOS2										
										ZNF404										
										ZNF284										
										ZNF677										
										ZSCAN22										
										ZNF530										
										C19orf51										
										ZNF233										
										LILRA5										
										IGFL1										
										LOC374920										
										ZNF773										
										CEACAM16										
										BLOC1S3										
										IGFL3										
										ZNF808										
										ZNF761										
										ZNF470										
										ZNF749										
										ZNF324B										
										FLJ46385										
										ZNF805										
										MGC35402										
										LOC400707										
										FLJ26850										
										ZNF772										
										PSG8										
										IGFL4										
										DPRX										
										DUXA										
										KIR3DP1										
										LOC554235										
