cytoband	7p11.2	4q12	1q32.1	7q31.2	12q15	12q14.1	6p21.1	12p13.32	8q24.12	12q14.3	12q14.3	2p24.3	3q26.33	17q22	17q21.33	14q21.2	13q34	
q value	7.0387e-52	6.9195e-18	2.0002e-07	2.0835e-06	2.7652e-06	0.012738	0.042482	0.044169	0.051779	0.022928	0.022928	0.069825	0.069825	0.015118	0.044169	0.18379	0.19396	
residual q value	7.0387e-52	6.9195e-18	2.0002e-07	2.0835e-06	8.3021e-06	0.027371	0.042482	0.044169	0.051779	0.069617	0.069656	0.069825	0.069825	0.069825	0.17403	0.18379	0.19396	
wide peak boundaries	chr7:54701111-54836945	chr4:54591095-55217249	chr1:201511510-201914639	chr7:115813600-116971978	chr12:67295984-67693597	chr12:57214649-57283458	chr6:42618663-43350861	chr12:3410785-5549725	chr8:94003174-146308819	chr12:65959920-66130052	chr12:65150559-65279471	chr2:15829031-16663293	chr3:181239896-181470958	chr17:52931186-53337958	chr17:49072814-49773931	chr14:42208323-42658987	chr13:106981425-108944377	
genes in wide peak	EGFR	PDGFRA	MDM4	CAPZA2	CPM	[LRIG3]	MEA1	CCND2	ADCY8	CAND1	GRIP1	MYCN	[PEX5L]	[TOM1L1]	NME1	[C14orf155]	COL4A1	
		CHIC2	PIK3C2B	CFTR	MDM2		PEX6	FGF6	ANGPT1						NME2		COL4A2	
		GSH2	LRRN5	MET	RAP1B		PPP2R5D	KCNA1	ANXA13						ABCC3		IRS2	
		LOC402176	PPP1R15B	WNT2	SLC35E3		PTK7	KCNA5	ATP6V1C1						CACNA1G		MYR8	
				ST7	NUP107		PRPH2	KCNA6	BAI1						SPAG9		RAB20	
				CTTNBP2			SRF	NDUFA9	CDH17						TOB1			
				ASZ1			TBCC	NTF3	COX6C						CROP			
							CUL7	FGF23	CYC1						MBTD1			
							C6orf108	DYRK4	CYP11B1						EPN3			
							TNRC5	AKAP3	CYP11B2						SPATA20			
							SLC22A7	RAD51AP1	DPYS						MYCBPAP			
							PARC	GALNT8	EEF1D						ANKRD40			
							UBR2	PRMT8	EXT1						WFIKKN2			
							KIAA0240	PARP11	GEM						NME1-NME2			
							ZNF318	TMEM16B	GLI4									
							GNMT	C12orf4	GML									
							MRPL2	C12orf5	GPR20									
							TTBK1	EFCAB4B	GPT									
							C6orf153		GRINA									
							KLC4		HAS2									
							KLHDC3		HSF1									
							PTCRA		EIF3S6									
							RPL7L1		KCNQ3									
							CRIP3		KCNS2									
							LOC441150		LY6E									
									LY6H									
									MATN2									
									MYC									
									NDUFB9									
									NFKBIL2									
									NOV									
									ODF1									
									TNFRSF11B									
									ENPP2									
									PLEC1									
									POLR2K									
									PTK2									
									RAD21									
									RPL8									
									RPL30									
									SDC2									
									ST3GAL1									
									SLA									
									SNTB1									
									SPAG1									
									SQLE									
									STK3									
									TAF2									
									TG									
									KLF10									
									TRHR									
									TRPS1									
									TSTA3									
									COL14A1									
									UQCRB									
									YWHAZ									
									ZNF7									
									ZNF16									
									PSCA									
									FZD6									
									LY6D									
									JRK									
									EIF3S3									
									DGAT1									
									GPAA1									
									WISP1									
									FOXH1									
									CCNE2									
									EBAG9									
									RECQL4									
									LRRC14									
									TTC35									
									RIMS2									
									MTSS1									
									PTDSS1									
									ZNF623									
									KIAA0196									
									TRIB1									
									HRSP12									
									NDRG1									
									PGCP									
									COLEC10									
									KHDRBS3									
									POP1									
									PTP4A3									
									RNF139									
									ZHX1									
									SIAHBP1									
									ZHX2									
									DENND3									
									ZC3H3									
									KIAA0143									
									ARC									
									BOP1									
									ZFPM2									
									SCRIB									
									LRRC6									
									RAD54B									
									WDSOF1									
									RNF19									
									KIAA1429									
									RGS22									
									FBXL6									
									OPLAH									
									PABPC1									
									KCNV1									
									MTBP									
									EIF2C2									
									COMMD5									
									MRPL13									
									ATAD2									
									CPSF1									
									LRP12									
									RRM2B									
									CYHR1									
									DDEF1									
									MTERFD1									
									C8ORFK32									
									PHF20L1									
									ZNF706									
									VPS28									
									C8orf30A									
									KCNK9									
									C8orf55									
									EDD1									
									FAM49B									
									AZIN1									
									CHRAC1									
									EXOSC4									
									PPM2C									
									LY6K									
									RBM35A									
									TRMT12									
									OXR1									
									C8orf32									
									LAPTM4B									
									SLC39A4									
									FLJ20366									
									INTS8									
									MLZE									
									ENY2									
									SLURP1									
									ZFAT1									
									ZNF250									
									DEPDC6									
									PYCRL									
									C8orf33									
									LYNX1									
									DCC1									
									DERL1									
									GPR172A									
									PLEKHF2									
									GSDMDC1									
									NPAL2									
									BAALC									
									ZNF696									
									GRHL2									
									KIAA1688									
									ZNF34									
									SLC25A32									
									TM7SF4									
									SHARPIN									
									EPPK1									
									SCRT1									
									NIBP									
									TATDN1									
									NCALD									
									MAF1									
									C8orf53									
									PARP10									
									C8orf76									
									TIGD5									
									NUDCD1									
									FAM83A									
									PPP1R16A									
									TSPYL5									
									THRAP6									
									KIFC2									
									TMEM67									
									MTDH									
									PKHD1L1									
									NAPRT1									
									WDR67									
									TP53INP1									
									MFSD3									
									MAL2									
									CSMD3									
									RHPN1									
									FBXO32									
									CTHRC1									
									OSR2									
									TOP1MT									
									ZNF572									
									C8orf38									
									ABRA									
									LYPD2									
									TMEM71									
									C8orf78									
									TMEM65									
									ANKRD46									
									FAM84B									
									C8orf37									
									VPS13B									
									TMEM74									
									FAM91A1									
									SLC30A8									
									COL22A1									
									MGC39715									
									ADCK5									
									TSNARE1									
									C8orf47									
									MAPK15									
									NSMCE2									
									ZNF707									
									LOC286076									
									FAM83H									
									C8orf77									
									C8orf31									
									ZFP41									
									DPY19L4									
									FBXO43									
									LOC338328									
									NRBP2									
									ZNF517									
									KIAA1875									
									RSPO2									
									SPATC1									
									RBM12B									
									FLJ43860									
									MAFA									
									GDF6									
									FLJ45248									
									SAMD12									
									MGC70857									
									C8orf54									
									LOC441376									
									LRRC24									
									TMEM75									
									C8ORFK23									
