Array
AA_1
AA_2
AA_4
AA_5
AA_6
AA_7
AA_8
AA_9
AMG_1
AMG_2
AO_1
AO_2
AO_3
AO_4
AO_5
AO_6
AO_7
LGMO_1
primary_GBM_10
primary_GBM_101
primary_GBM_103
primary_GBM_104
primary_GBM_106
primary_GBM_107
primary_GBM_11
primary_GBM_12
primary_GBM_14
primary_GBM_15
primary_GBM_17
primary_GBM_2
primary_GBM_22
primary_GBM_23
primary_GBM_24
primary_GBM_25
primary_GBM_26
primary_GBM_28
primary_GBM_29
primary_GBM_32
primary_GBM_33
primary_GBM_35
primary_GBM_36
primary_GBM_37
primary_GBM_38
primary_GBM_39
primary_GBM_4
primary_GBM_40
primary_GBM_42
primary_GBM_43
primary_GBM_44
primary_GBM_47
primary_GBM_48
primary_GBM_49
primary_GBM_50
primary_GBM_51
primary_GBM_53
primary_GBM_54
primary_GBM_55
primary_GBM_56
primary_GBM_59
primary_GBM_6
primary_GBM_60
primary_GBM_62
primary_GBM_63
primary_GBM_64
primary_GBM_66
primary_GBM_67
primary_GBM_68
primary_GBM_7
primary_GBM_70
primary_GBM_71
primary_GBM_72
primary_GBM_73
primary_GBM_74
primary_GBM_75
primary_GBM_79
primary_GBM_8
primary_GBM_80
primary_GBM_81
primary_GBM_82
primary_GBM_83
primary_GBM_84
primary_GBM_85
primary_GBM_86
primary_GBM_87
primary_GBM_88
primary_GBM_89
primary_GBM_9
primary_GBM_90
primary_GBM_91
primary_GBM_92
primary_GBM_95
primary_GBM_98
primary_GBM_99
secondary_GBM_1
secondary_GBM_10
secondary_GBM_12
secondary_GBM_13
secondary_GBM_14
secondary_GBM_2
secondary_GBM_3
secondary_GBM_4
secondary_GBM_5
secondary_GBM_6
secondary_GBM_8
secondary_GBM_9
