cytoband	9p21.3	13q14.2	1p36.31	10q23.31	14q24.3	9p24.3	6q24.3	10q26.13	22q13.31	19q13.41	10q23.31	4q35.2	15q21.2	11p15.4	3q28	12p13.2	
q value	1.1541e-98	1.3757e-09	2.0107e-07	1.3757e-09	0.00072832	4.7823e-10	0.0034928	8.4461e-05	0.012431	0.01555	1.9691e-08	0.057158	0.062976	0.12438	0.21092	0.22915	
residual q value	9.9348e-97	1.3757e-09	2.0107e-07	0.00032146	0.00068872	0.0023661	0.0034661	0.0060084	0.012431	0.015771	0.028069	0.057158	0.063954	0.12154	0.21092	0.22924	
wide peak boundaries	chr9:21456646-21971582	chr13:46717642-46868174	chr1:3596480-6442113	chr10:89104579-89705918	chr14:55083539-86424597	chr9:1-2752720	chr6:110808397-170914576	chr10:123995679-124282917	chr22:39207428-49396972	chr19:47046785-63811651	chr10:90098989-90416488	chr4:114003986-191731959	chr15:27817296-57116954	chr11:1-12290873	chr3:191668437-194295640	chr12:10053264-14989798	
genes in wide peak	CDKN2A	P2RY5	ZBTB48	PTEN	ACTN1	DMRT1	ACAT2	CUZD1	ACR	A1BG	ACTA2	AGA	ACTC1	ADM	FGF12	ART4	
	MTAP		RPL22	ATAD1	ACYP1	FOXD4	AMD1	C10orf88	ACO2	AP2A1	STAMBPL1	ANK2	ADAM10	AP2A2	C3orf59	CDKN1B	
	IFNE1		KCNAB2		ARG2	SMARCA2	ARG1	FAM24A	ARSA	APOC1	ANKRD22	SLC25A4	AQP9	AMPD3	CCDC50	CREBL2	
			TNFRSF25		ZFP36L1	VLDLR	CCR6	FAM24B	BIK	APOC2		ANXA5	B2M	APBB1	UTS2D	EMP1	
			KLHL21		ENTPD5	DMRT2	COL10A1	C10orf120	TSPO	APOC4		CAMK2D	BUB1B	RHOG	OSTN	ETV6	
			ACOT7		DIO2	ANKRD15	CTGF		MPPED1	APOE		CASP3	CAPN3	ART1		GPR19	
			ICMT		DLST	CBWD1	EPB41L2		CHKB	KLK3		CCNA2	CHRM5	ASCL2		GRIN2B	
			CHD5		EIF2S1	DMRT3	EYA4		CPT1B	ATP1A3		LRBA	CHRNA7	CARS		GUCY2C	
			HES2		ERH	DOCK8	ESR1		CYP2D6	BAX		CLGN	CKMT1B	CCKBR		KLRC1	
			AJAP1		ESR2	C9orf66	FABP7		CYB5R3	BCAT2		CLCN3	CYP19A1	CD81		KLRC2	
			PLEKHG5		ESRRB	KCNV2	FRK		ECGF1	BCL3		CPE	DUT	CD151		KLRC3	
			NOL9		FNTB		FUCA2		EP300	CEACAM1		CTSO	EPB42	CDKN1C		KLRD1	
			TAS1R1		FOS		FYN		FBLN1	C5AR1		DCTD	FBN1	TPP1		LRP6	
			ESPN		FUT8		GJA1		XRCC6	CA11		EDNRA	FGF7	CNGA4		MGP	
			THAP3		GPX2		GPR31		MCHR1	CALM3		ELF2	GABPB2	CTSD		OLR1	
			PHF13		GSTZ1		GRM1		NAGA	CD33		ETFDH	GALK2	DRD4		PRB1	
			C1orf188		GTF2A1		HDAC2		NDUFA6	SIGLEC6		F11	GANC	DUSP8		PRB3	
			NPHP4		HIF1A		HIVEP2		NHP2L1	CD37		FABP2	GATM	EIF4G2		PRB4	
			GPR153		HSPA2		HSF2		PMM1	CD79A		ACSL1	GCHFR	HBB		PRH1	
			RNF207		LTBP2		IFNGR1		PPARA	CGB		FAT	PDIA3	HBD		PRH2	
			HES3		MAX		IGF2R		MAPK11	CEACAM8		FGA	HDC	HBE1		KLRC4	
					MAP3K9		KIF25		RANGAP1	CKM		FGB	ONECUT1	HBG1		CSDA	
					ALDH6A1		KPNA5		MAPK12	AP2S1		FGF2	ITPKA	HBG2		GPRC5A	
					MNAT1		LAMA2		SBF1	CLPTM1		FGG	IVD	HPX		KLRA1	
					MTHFD1		LAMA4		SREBF2	CRX		FRG1	LIPC	HRAS		PRR4	
					SIX6		LPA		ST13	DBP		GAB1	LTK	IGF2		KLRK1	
					OTX2		MARCKS		TCF20	DMPK		GLRB	MAP1A	ILK		GABARAPL1	
					PGF		MAN1A1		TEF	DMWD		GPM6A	MEIS2	INS		TAS2R9	
					PIGH		MAS1		UPK3A	MEGF8		GRIA2	MFAP1	IRF7		TAS2R8	
					PPM1A		MAP3K4		CELSR1	EMP3		GUCY1A3	TRPM1	KCNQ1		TAS2R7	
					PPP2R5E		MAP3K5		SAPS2	ERCC1		GUCY1B3	MYO5A	LMO1		TAS2R13	
					PRKCH		MLLT4		ZBED4	ERCC2		GYPA	NEDD4	LSP1		TAS2R10	
					PSEN1		MYB		RBX1	ERF		GYPB	PLCB2	MUC2		TAS2R14	
					PSMA3		NMBR		SCO2	ETFB		GYPE	MAPK6	NAP1L4		HEBP1	
					ABCD4		OPRM1		PKDREJ	FCAR		HMGB2	RAB27A	NUP98		DDX47	
					RAD51L1		PARK2		SLC25A17	FCGRT		HPGD	RAD51	SLC22A18		CLEC1A	
					ARID4A		PCMT1		NUP50	FLT3LG		IL2	RYR3	SLC22A18AS		WBP11	
					RTN1		PDCD2		TOB2	FOSB		IL15	SCG5	POLR2L		MANSC1	
					SEL1L		ENPP1		RABL2B	FPR1		ING2	SLC12A1	PSMD13		FLJ10292	
					SFRS5		ENPP3		PACSIN2	FPRL1		IRF2	SORD	RNH1		STYK1	
					SIX1		PEX7		DIP	FPRL2		KLKB1	SPINT1	MRPL23		GPRC5D	
					SLC8A3		PLAGL1		TTLL12	FTL		MAD2L1	SRP14	RPL27A		ATF7IP	
					SLC10A1		PLG		MLC1	FUT1		SMAD1	TCF12	RPLP2		H2AFJ	
					SNAPC1		PLN		ZC3H7B	FUT2		MGST2	THBS1	RRM1		KIAA1467	
					SPTB		PKIB		C22orf9	GIPR		NR3C2	TP53BP1	SCT		CLEC7A	
					TGFB3		PSMB1		MAPK8IP2	GPR4		MTNR1A	TYRO3	SMPD1		BCL2L14	
					TSHR		PTPRK		BRD1	GPR32		NDUFC1	SLC30A4	TRIM21		FLJ22662	
					ZBTB25		REV3L		ARHGAP8	GRIK5		NEK1	EIF3S1	ST5		DUSP16	
					DPF3		ROS1		TBC1D22A	GRIN2D		NPY1R	PLA2G4B	STIM1		APOLD1	
					NUMB		RPS6KA2		TTLL1	GRLF1		NPY2R	SNAP23	TAF10		GSG1	
					ADAM21		RPS12		SAMM50	GSK3A		NPY5R	ALDH1A2	TALDO1		LOH12CR1	
					ADAM20		SGK		ATXN10	GYS1		PET112L	USP8	TH		C12orf59	
					WDR22		SLC22A1		FAM19A5	HAS1		PLRG1	SLC28A2	TSPAN4		HIST4H4	
					ALKBH1		SLC22A3		SULT4A1	FOXA3		EXOSC9	CCPG1	TNNI2		C12orf46	
					EIF2B2		SLC22A2		RIBC2	HRC		POU4F2	COPS2	TNNT3		C12orf60	
					PNMA1		SOD2		ARFGAP3	PRMT1		PPID	TGM5	PHLDA2		TAS2R43	
					NRXN3		T		SMC1B	IL11		ABCE1	PIGB	TUB		TAS2R44	
					AKAP5		TBP		CSDC2	IRF3		RPS3A	HISPPD2A	WEE1		TAS2R46	
					SPTLC2		TCF21		CGI-96	KCNA7		SC4MOL	AQR	ZNF143		TAS2R48	
					RGS6		TCP1		MCAT	KCNC3		SFRP2	KIAA0256	ZNF195		TAS2R49	
					KIAA0247		TCP10		D15Wsu75e	KCNJ14		TDO2	ARHGAP11A	ZNF214		TAS2R50	
					KIAA0586		TCTE3		PARVB	KCNN4		TLL1	LCMT2	ZNF215		CLEC9A	
					KIAA0317		DYNLT1		NCAPH2	KIR2DL1		TLR2	SLC12A6	RASSF7		C12orf36	
					MED6		THBS2		GTSE1	KIR2DL3		TLR3	BCL2L10	PPFIBP2		TAS2R42	
					GPHN		TNFAIP3		A4GALT	KIR2DL4		TRPC3	RASGRP1	IFITM1		CLEC12B	
					VTI1B		TPD52L1		MOV10L1	KIR2DS4		UCP1	SERF2	OR6A2		LOC440087	
					BATF		TSPYL1		FAM118A	KIR3DL1		UGT8	GNB5	DCHS1		PRB2	
					NPC2		UTRN		FLJ20699	KIR3DL2		VEGFC	ARPP-19	EIF3S5			
					AHSA1		VIL2		C22orf26	KLK1		GLRA3	SLC27A2	BRSK2			
					EXOC5		VIP		MIOX	KLK2		SMARCA5	GPR176	MICAL2			
					ACOT2		EPM2A		PRR5	LAIR1		SORBS2	CHP	CTR9			
					TMED10		STX7		TRMU	LAIR2		PRSS12	OIP5	TSPAN32			
					C14orf1		PEX3		SEPT3	LHB		PDE5A	BAHD1	TSSC4			
					VASH1		RNASET2		PANX2	LIG1		SAP30	MTMR15	MRVI1			
					ZBTB1		STX11		XPNPEP3	LIM2		INPP4B	CEP152	TRIM22			
					SNW1		WISP3		PARVG	LIPE		LRAT	MAPKBP1	IFITM3			
					PCNX		SYNJ2		CERK	BCAM		NDST3	GOLGA8A	DEAF1			
					DAAM1		VNN2		FLJ23588	MYBPC2		HAND2	RTF1	IPO7			
					TTLL5		VNN1		CENPM	NDUFA3		MFAP3L	DMXL2	IFITM2			
					SYNE2		TAAR5		ALG12	NKG7		SEC24D	VPS39	TRIM3			
					ANGEL1		MAP7		CRELD2	CNOT3		SPRY1	AP4E1	XLKD1			
					ZFYVE26		LATS1		FLJ23584	NOVA2		ANAPC10	CCNDBP1	PKP3			
					FLRT2		TAAR2		CCDC134	NPAS1		PGRMC2	EID1	SWAP70			
					PLEKHG3		CRSP3		ADM2	NTF5		MAB21L2	HYPK	RAB6IP1			
					SIPA1L1		QKI		SCUBE1	NUCB1		PLK4	TMEM87A	KIAA0409			
					WDR21A		AKAP7		TRABD	PAFAH1B3		MORF4	RPAP1	SIRT3			
					PLEK2		TBPL1		PNPLA3	PEG3		ADAM29	PYGO1	OR52A1			
					TIMM9		WTAP		SELO	PLAUR		PRDM5	PLDN	ARFIP2			
					MLH3		AKAP12		L3MBTL2	POLD1		LSM6	GREM1	OR10A3			
					KCNH5		KIAA0408		HDAC10	POU2F2		NUDT6	RPUSD2	FXC1			
					POMT2		PHACTR2		LDOC1L	PPP2R1A		ANXA10	76P	DKK3			
					COQ6		BCLAF1		POLDIP3	PPP5C		KLHL2	SCG3	HNRNPG-T			
					C14orf111		UST		PHF5A	PRKCG		SCRG1	TMOD3	FRAG1			
					RDH11		TRDN		TUBGCP6	PRRG2		HSPA4L	TMOD2	TRPM5			
					C14orf112		CITED2		TMEM153	KLK7		DUX4	EHD4	UBQLN3			
					DACT1		TRAF3IP2		C22orf32	KLK6		PALLD	DUOX2	RNF141			
					ATP6V1D		HBS1L		SERHL	KLK10		TBC1D9	MYEF2	IGF2AS			
					C14orf100		PDE10A		PHF21B	PSG1		KIAA0922	NDUFAF1	BET1L			
					DHRS7		SMPDL3A		KLHDC7B	PSG2		TRIM2	C15orf15	CEND1			
					SIX4		RAB32		TNFRSF13C	PSG3		ANP32C	NUSAP1	CYB5R2			
					ZFYVE1		KATNA1		DNAJB7	PSG4		SLC7A11	TMEM85	TRIM34			
					C14orf105		FGFR1OP		MEI1	PSG5		CCRN4L	SPTBN5	MUCDHL			
					EXDL2		RBM16		FAM109B	PSG6		DKFZP564J102	CTDSPL2	TOLLIP			
					C14orf115		CDC2L6		NFAM1	PSG7		FBXO8	KLF13	USP47			
					SYNJ2BP		MAP3K7IP2		PNPLA5	PSG9		INTU	DUOX1	TRIM68			
					SLC39A9		TSPYL4		LOC150383	PSG11		ARFIP1	DLL4	LRDD			
					C14orf58		SASH1		WBP2NL	PTGIR		PDLIM3	INOC1	KCNQ1DN			
					C14orf118		SYNE1		POLR3H	PTPRH		ZNF330	FAM63B	MMP26			
					C14orf108		HEY2		SERHL2	PVR		SPOCK3	RNF111	C11orf17			
					ACTR10		HEBP2		MGC70863	PVRL2		AADAT	SUHW4	C11orf16			
					C14orf162		ASF1A		C22orf34	RELB		C4orf18	TRPM7	TMEM9B			
					ADCK1		CCDC28A		LOC388910	RPL18		LARP7	PPP1R14D	NRIP3			
					TMEM63C		MTHFD1L		LOC388915	RPL28		MYOZ2	MTMR10	ASCL3			
					RHOJ		MOXD1		LOC389286	RPS5		ACCN5	ZNF770	CHRNA10			
					GALNTL1		PIP3-E		FLJ27365	RPS9		GALNT7	CEP27	PNPLA2			
					PLEKHH1		TIAM2		FLJ46257	RPS11		USP53	FAM82C	KIAA1542			
					TRMT5		FBXO5		FLJ44385	RPS19		OTUD4	DNAJC17	SCUBE2			
					ZNF410		RGS17		FLJ41993	RRAS		DCHS2	MNS1	ZBED5			
					NGB		PDE7B		LOC440836	RTN2		C4orf27	NOLA3	SIGIRR			
					RBM25		DLL1		LOC553158	CLEC11A		MARCH1	MYO5C	RIC8A			
					C14orf133		MRPL18			SEPW1		LARP2	KIAA1370	MRPL17			
					SMOC1		SART2			SLC1A5		BBS7	C15orf24	EPS8L2			
					C14orf4		CLDN20			SLC8A2		NEIL3	PAK6	STK33			
					MPP5		NOX3			SNRP70		FBXW7	DTWD1	CHID1			
					C14orf135		HDDC2			SNRPD2		TMEM144	CASC5	OR51G1			
					GPR135		TFB1M			SPIB		FLJ11184	AVEN	OR51B4			
					C14orf140		TUBE1			AURKC		C4orf20	CX36	OR51B2			
					C14orf169		RWDD1			SULT2B1		MAML3	VPS18	OR52N1			
					C14orf45		AIG1			SULT2A1		FLJ20035	SQRDL	RIC3			
					SGPP1		SNX9			SYT5		CDKN2AIP	ZFP106	SLC25A22			
					C14orf156		C6orf55			TNNI3		TMEM34	RFXDC2	ATHL1			
					DNAL1		BRP44L			TNNT1		LRP2BP	SPATA5L1	OR51G2			
					RPS6KL1		HECA			TULP2		PDGFC	CHAC1	OR51E2			
					SYT16		IL20RA			NR1H2		TUBB4Q	C15orf29	PTDSS2			
					STON2		UNC93A			VASP		FSTL5	SLTM	HCCA2			
					KIAA1737		MTRF1L			XRCC1		STOX2	ATP8B4	SBF2			
					PAPLN		AHI1			ZNF8		ANKRD50	WDR76	C11orf56			
					CHURC1		RMND1			ZNF17		RNF150	TMEM62	TRIM5			
					C14orf43		PHF10			ZNF28		PCDH10	SEMA6D	SYT8			
					LIN52		VNN3			MZF1		SH3RF1	KIAA1840	PRKCDBP			
					NEK9		C6orf70			ZNF45		KIAA1627	ELL3	ODF3			
					C14orf179		ECHDC1			ZNF221		IL21	GRINL1A	OSBPL5			
					WDR89		AGPAT4			ZNF222		RXFP1	C15orf48	LRRC56			
					C14orf149		TULP4			ZNF132		SPCS3	C15orf41	MRGPRE			
					NAT12		GOPC			ZNF134		SCOC	SPPL2A	ART5			
					GPHB5		GPR126			ZNF135		FLJ12716	ZFYVE19	TRIM6			
					C14orf148		KIAA1244			ZNF137		HHIP	CGNL1	OR52E2			
					JDP2		PLEKHG1			ZNF155		NDST4	FRMD5	OR52J3			
					HBLD1		ARID1B			ZNF175		C4orf31	DISP2	OR51L1			
					ACOT4		SERINC1			ZNF180		FAT4	CHRFAM7A	OR51A7			
					RDH12		ZBTB2			ZNF223		ARSJ	FAM7A2	OR51S1			
					C14orf50		PBOV1			ZNF224		ARHGAP10	ATPBD4	OR51F2			
					SLC38A6		TRMT11			ZNF225		MLF1IP	CCDC32	OR52R1			
					C14orf37		PERP			ZNF226		MAP9	C15orf23	OR52M1			
					ZADH1		SMOC2			ZNF227		TNIP3	BMF	OR52K2			
					C14orf44		ALDH8A1			ZNF228		PHF17	SHF	OR5P2			
					C14orf166B		ULBP3			ZNF229		WWC2	DUOXA1	OR5P3			
					THSD3		OR2A4			ZNF230		NARG1	D4ST1	OR2D3			
					C14orf145		C6orf211			SYMPK		C4orf29	CASC4	OR2D2			
					C14orf54		C6orf60			TEAD2		KIAA1712	TGM7	OR52W1			
					C14orf83		ZDHHC14			PPFIA3		SETD7	CATSPER2	OR56A4			
					TMEM30B		FRMD1			PLA2G4C		SLC25A31	LEO1	OR56A1			
					C14orf174		C6orf208			NAPA		RAB33B	TRIM69	SYT9			
					ZDHHC22		C6orf97			SIGLEC5		SNX25	C15orf43	OR52B4			
					TMED8		MYCT1			PGLYRP1		TTC29	Gcom1	C11orf40			
					C14orf178		ULBP2			UBE2M		MND1	TMCO5	OR52I2			
					C14orf39		ULBP1			ARHGEF1		SLC10A7	ZNF690	OR51E1			
					CHX10		LPAL2			PSCD2		TKTL2	TTBK2	UBQLNL			
					RAB15		PPP1R14C			ZNF235		GPR103	CDAN1	OR10A5			
					UNQ9438		RNF146			ZNF264		USP38	STRC	OR2AG1			
					HEATR4		SF3B5			NCR1		OSAP	DYX1C1	DNHD1			
					FLJ39779		TAAR8			NAPSA		CBR4	OTUD7A	SCGB1C1			
					MGC88374		RSHL2			KLK4		KIAA1727	SPRED1	C11orf42			
					ACOT1		TTLL2			ZNF432		LOC90826	PGBD4	NLRP6			
					ACOT6		FBXO30			DHX34		LOC92345	ADAL	OR56B4			
					FLJ43390		BXDC1			SAE1		WDR17	EXDL1	OR52B2			
							L3MBTL3			TRIM28		SCLT1	FSIP1	C11orf35			
							FAM120B			ZNF256		C4orf33	RHOV	OR51F1			
							FNDC1			LILRB2		TMEM155	C15orf33	OR51B5			
							RSPO3			TOMM40		Tenr	UBR1	OR51V1			
							LRP11			ZNF211		ZFP42	AGPAT7	EFCAB4A			
							LTV1			RABAC1		SPATA4	PLA2G4F	TMEM80			
							SERAC1			ZNF234		TRAM1L1	LRRC57	C11orf47			
							REPS1			ZNF274		ENPP6	LYSMD2	OR10A4			
							PPIL4			ZNF460		ASB5	NUT	OLFML1			
							KIAA1919			PPP1R13L		LOC152485	WDR72	C11orf36			
							ARHGAP18			CD3EAP		SH3D19	C15orf21	NLRP10			
							SYTL3			RUVBL2		FLJ30277	SLC24A5	NLRP14			
							C6orf51			LILRB1		FLJ31659	PRTG	TMEM16J			
							FAM54A			KDELR1		FLJ25371	FAM98B	B4GALNT4			
							SFT2D1			LILRB5		SPATA5	PLA2G4D	OR52L1			
							KIAA1913			SLC27A5		BBS12	GLDN	OR2AG2			
							NUS1			LILRB4		DCAMKL2	USP50	OR52B6			
							C6orf72			KLK11		TRIM60	TEX9	OR10A2			
							IL22RA2			LILRA1		MMAA	FLJ43339	OVCH2			
							C6orf192			LILRB3		MGC27016	TNFAIP8L3	PDDC1			
							SLC16A10			LILRA3		SYNPO2	SHC4	GALNTL4			
							TAGAP			LILRA2		LOC201725	FLJ35695	KRTAP5-1			
							DEADC1			SFRS16		TIGD4	FLJ39531	KRTAP5-3			
							C6orf213			KPTN		TMEM154	DUOXA2	KRTAP5-4			
							TAAR9			KLK8		FLJ38482	GOLGA8B	IFITM5			
							TAAR1			PNKP		RWDD4A	EIF2AK4	OR56B1			
							STXBP5			U2AF2		CCDC111	CKMT1A	OR52K1			
							NCOA7			ATF5		FLJ25801	SERINC4	OR52I1			
							HINT3			SAPS1		ELMOD2	C15orf45	OR51D1			
							PACRG			CARD8		CCDC110	FLJ38596	OR52A4			
							RAET1E			CIC		MGC33302		OR52A5			
							CNKSR3			ETHE1		CYP4V2		OR51B6			
							RAET1L			RPL13A		RNF175		OR51M1			
							SAMD3			SYNGR4		FLJ36180		OR51Q1			
							SLC2A12			LILRA4		ESSPL		OR51I1			
							PNLDC1			ZIM2		ANKRD37		OR51I2			
							IBRDC1			CBLC		TRIM61		OR52D1			
							TCBA1			NUP62		HELT		OR52H1			
							OLIG3			HSPBP1		LOC401152		OR52N4			
							TXLNB			PPP1R15A		LOC441046		OR52N5			
							DACT2			EML2		GALNT17		OR52N2			
							C6orf118			ZNF324		FRG2		OR52E6			
							LOC202459			KLK5		DUX4C		OR52E8			
							NT5DC1			PRKD2				OR52E4			
							C6orf78			ZNF473				OR52E5			
							C6orf113			KLK13				OR56A3			
							C6orf170			CCDC9				OR10A6			
							HS3ST5			PRPF31				OR51T1			
							GPRC6A			IRF2BP1				OR51A4			
							RFXDC1			FGF21				OR51A2			
							SLC35F1			ZNF285				KRTAP5-2			
							VGLL2			SIGLEC7				KRTAP5-6			
							C6orf191			LYPD3				TMEM41B			
							WDR27			BBC3				TRIM6-TRIM34			
							C6orf188			DKKL1				INS-IGF2			
							MCMDC1			SIGLEC9							
							SHPRH			SIGLEC8							
							LOC285735			GPR77							
							FLJ34503			CHMP2A							
							DCBLD1			DHDH							
							MGC35308			ZNF544							
							TAAR6			UBE2S							
							SLC35D3			SLC6A16							
							RSHL3			TFPT							
							LFDH			STRN4							
							NUP43			CCDC106							
							C6orf58			EPN1							
							RAET1G			GLTSCR2							
							SUMO4			GLTSCR1							
							C6orf173			EHD2							
							C6orf174			KLK14							
							C6orf204			KLK12							
							C6orf120			SHANK1							
							C6orf190			NOSIP							
							LOC389432			ZNF580							
							IYD			HSD17B14							
							FLJ44955			GP6							
							TCP10L2			VRK3							
							LOC401286			ZNF581							
							C6orf122			PTOV1							
							GTF2H5			PPP1R12C							
							LOC441168			TRPM4							
							LOC441177			ZNF586							
							LOC442247			QPCTL							
							LOC619208			FAM83E							
										EPS8L1							
										RASIP1							
										TMEM160							
										NOP17							
										FLJ10490							
										FLJ10781							
										TMEM143							
										ZNF444							
										ZNF331							
										KLK15							
										NLRP2							
										ZNF416							
										ZNF446							
										ZNF701							
										ZNF83							
										ZNF415							
										FLJ12886							
										IRGC							
										CABP5							
										SPHK2							
										MEIS3							
										CEACAM19							
										SLC17A7							
										NAT14							
										CD177							
										VN1R1							
										RCN3							
										ZNF304							
										TTYH1							
										ZNF471							
										USP29							
										PLEKHA4							
										MARK4							
										ZNF71							
										SR-A1							
										CACNG8							
										CACNG7							
										CACNG6							
										ZNF350							
										TSKS							
										ZNF667							
										ELSPBP1							
										LIN7B							
										HIF3A							
										ZNF574							
										ZNF649							
										ZNF447							
										MGC2752							
										TSEN34							
										TRAPPC6A							
										LENG4							
										FKRP							
										ZSCAN5							
										LENG1							
										LILRA6							
										ZNF576							
										ZNF329							
										TBC1D17							
										ZNF419							
										GEMIN7							
										ISOC2							
										MYH14							
										ZNF665							
										ZNF552							
										ZNF671							
										ZNF613							
										ZNF702							
										ZNF606							
										ZNF614							
										FUZ							
										OPA3							
										RSHL1							
										ZNF611							
										MED25							
										BCL2L12							
										TEX101							
										GRWD1							
										CCDC8							
										SYT3							
										AKT1S1							
										ZNF528							
										BRSK1							
										CNFN							
										ZNF347							
										ZNF577							
										SUV420H2							
										C19orf48							
										ZBTB45							
										ZNF587							
										FIZ1							
										GALP							
										SIGLEC10							
										SIGLEC12							
										ZNF628							
										KIR3DX1							
										C19orf49							
										ZNF551							
										ZNF616							
										ZNF766							
										XTP7							
										ZNF468							
										ZNF160							
										ATPBD3							
										BC37295_3							
										ZNF765							
										NLRP12							
										MYADM							
										CCDC114							
										ACPT							
										CGB5							
										CGB7							
										LENG9							
										CGB8							
										GNG8							
										BIRC8							
										LOC112703							
										RDH13							
										TIP39							
										LOC113386							
										ZIM3							
										SIGLEC11							
										CGB1							
										CGB2							
										LENG8							
										KIR3DL3							
										ZNF526							
										CLDND2							
										LOC125893							
										ZNF543							
										COX6B2							
										OSCAR							
										FLJ16542							
										JOSD2							
										C19orf41							
										CPT1C							
										ALDH16A1							
										LOC126147							
										NLRP13							
										NLRP8							
										NLRP5							
										ZNF787							
										IRGQ							
										ZNF428							
										ZFP28							
										LOC147650							
										ZNF480							
										C19orf18							
										ZNF418							
										ZNF417							
										ZNF548							
										KLC3							
										MDAC1							
										TMC4							
										ZNF524							
										ZNF784							
										FLJ32658							
										DACT3							
										SIX5							
										IGFL2							
										NLRP4							
										ZNF582							
										ZNF583							
										CDC42EP5							
										ZNF610							
										ZNF600							
										ZNF320							
										ZNF497							
										ZNF550							
										ZNF342							
										DEDD2							
										ZNF579							
										ZNF114							
										SPACA4							
										NLRP7							
										IGSF4C							
										ZNF584							
										ZSCAN4							
										NLRP11							
										TMEM86B							
										ZNF549							
										IL4I1							
										LOC284296							
										FLJ35258							
										ZNF547							
										ZIK1							
										ZNF776							
										ZSCAN1							
										MGC70924							
										TMEM145							
										UNQ473							
										PHLDB3							
										ZNF575							
										LYPD5							
										NKPD1							
										TPRX1							
										FLJ36070							
										IZUMO1							
										LOC284361							
										KLK9							
										FLJ40235							
										ZNF615							
										VSTM1							
										VN1R2							
										VN1R4							
										NLRP9							
										LOC339344							
										NANOS2							
										ZNF404							
										ZNF284							
										ZNF677							
										ZSCAN22							
										ZNF530							
										C19orf51							
										ZNF233							
										LILRA5							
										IGFL1							
										LOC374920							
										ZNF773							
										CEACAM16							
										BLOC1S3							
										IGFL3							
										ZNF808							
										ZNF761							
										ZNF470							
										ZNF749							
										ZNF324B							
										FLJ46385							
										ZNF805							
										MGC35402							
										LOC400707							
										FLJ26850							
										ZNF772							
										PSG8							
										IGFL4							
										DPRX							
										DUXA							
										KIR3DP1							
										LOC554235							
